ALSOUN-ALIENS SOUNDS	ATARI MAC65 VM03.09  00:01:31
TABLE OF CONTENTS

   1-  4 **************************************************
   1-  5 *						*
   1-  6 *MODULE:		ALCOMN				*
   1-  7 *PROGRAMMER:	DAVE THEURER			*
   1-  8 *FUNCTION:	ALIENS CONSTANTS AND VARIABLES	*
   1-  9 *		TO BE .INCLUDED IN:		*
   1- 10 *		    ALGAME,ALDISP,ALHARD	*
   1- 11 *						*
   1- 12	COPYRIGHT 1980 ATARI, INC.  UNAUTHORIZED REPRODUCTION,
   1- 13	ADAPTION, DISTRIBUTION, PERFORMANCE OR DISPLAY OF THIS
   1- 14	COMPUTER PROGRAM OR THE ASSOCIATED AUDIOVISUAL WORK IS
   1- 15	STRICTLY PROHIBITED.
   1- 16 **************************************************
   2-  4 CONSTANTS-COUNTS
   2- 25 CONSTANTS-STATE CODES
   4-  1 CONSTANTS-PICTURES
   4- 22	BOOM
   6-  1	HARDWARE DEFINITIONS
   7-  1 VARIABLES-CONTROL
   8-  1 VARIABLES-WORK
   8- 22 VARIABLES-PLAYERS
   8- 41 VARIABLES-SWITCHES
   9-  1 VARIABLES-DISPLAY
  11- 25	VARIABLES - PLAY
  12-  1	CONSTANTS-COUNTS
  12- 12	CONSTANTS-PLAYFIELD
  12- 17	VARIABLES-OBJECT COUNTERS
  13-  1	VARIABLES-OBJECT LOCATION + STATUS
  13-137	VARIABLES - PAGE 1
  16-  1 GLOBLS
  17-  1 SOUND DESCRIPTION
  18-  1 OFFSET MACROS FOR SOUND ROUTINES
  19-  1 SOUND TABLES
  22-  1 SOUND ROUTINE
ALSOUN-ALIENS SOUNDS	ATARI MAC65 VM03.09  00:01:31 PAGE 1


     1                                  .TITLE ALSOUN-ALIENS SOUNDS
ALSOUN-ALIENS SOUNDS	ATARI MAC65 VM03.09  00:01:31 PAGE 16
GLOBLS

                                                .SBTTL GLOBLS
     2                                  ;ENTRY POINTS (AS SUBROUTINES)
     3                                          .GLOBL SNDON,MODSND,EXSNON,INISOU
     4                                          .GLOBL EXSNON
     5                                          .GLOBL SLAUNC,NWSNON,SELICO,SSLAMS
     6                                          .GLOBL ESLSON,SAUSON,SBOING,SOUTS2,SOUTS3,S3SWAR,PULSTR,PULSTO
     7                                                                  ;
     8                                          .GLOBL IPEXPL,CCEXPL,CIEXPL,CPEXPL,QCHKS9;
     9         0721                             .ASECT
    10         00BF                             .=0BF                   ;
    11   00BF                           SINDEX: .BLKB 1
    12         0010                     NCHANL  =10
ALSOUN-ALIENS SOUNDS	ATARI MAC65 VM03.09  00:01:31 PAGE 17
SOUND DESCRIPTION

     1                                          .SBTTL SOUND DESCRIPTION
     2                                  ;THE FOLLOWING MUST BE DEFINED SOME WHERE IN YOUR RAM ALLOCATION
     3                                  ;SOUND ROUTINE VARIABLES
     4
     5   00C0                           POINT:  .BLKB NCHANL                    ;POINTER OFFSET INTO DATA TABLES(IF 0, CHANNEL NOT ACTIVE)
     6   00D0                           CURRENT:.BLKB NCHANL                    ;OUTPUT VALUE
     7   00E0                           FRAMES: .BLKB NCHANL                    ;FRAMES UNTIL NEXT CHANGE
     8   00F0                           COUNT:  .BLKB NCHANL                    ;COUNT OF TOTAL CHANGES
     9         0000                             .REPT 0
    10                                  ;*** NOTE: 'IDLEV' CAN BE REPLACED BY A 6 BYTE TABLE WITH
    11                                  ;          NO CHANGE TO THE CODE. USING RAM ALLOWS YOU TO
    12                                  ;	   CHANGE THE OUTPUT SOUND WITHOUT USING 'STSOUND'
    13                                  ;	   BY SIMPLY PUTTING THE DESIRED SOUND INFORMATION
    14                                  ;	   INTO THE ABOVE 6 BYTE. THE SOUND ROUTINES WILL
    15                                  ;	   CONTINUE TO OUTPUT THIS 'FORCED' SOUND UNTIL
    16                                  ;	   YOU CALL 'STSOUND' OR PUT SOME OTHER VALUE INTO
    17                                  ;	   'IDLEV'. IF YOU USE A TABLE, THE FOLLOWING DATA
    18                                  ;	   IS RECOMENDED:
    19                                  ;	IDLEV:	.BYTE 0C0,0,1F,80,0FE,80
    20                                  ;*************************************************************
    21                                  ;
    22                                          .ENDR
    23                                  ;EACH TABLE ENTRY IS 4 BYTES DESCRIBING A SEQUENCE, CONSISTING OF:
    24         0000                     STVAL   =0                      ;VALUE TO START SEQUENCE
    25         0001                     FRCNT   =1                      ;# OF FRAMES BEFORE ANY CHANGE
    26         0002                     CHANGE  =2                      ;AMOUNT OF CHANGE
    27         0003                     NUMBER  =3                      ;TOTAL NUMBER OF CHANGES IN THIS SEQUENCE
    28         60C8                     AUDCTL  =POKEY+8
    29         60D8                     AUD2CT  =POKEY2+8
    30                                  ;EX1: 0FF,1,-1,6 DESCRIBES THE FOLLOWING SEQUENCE
    31                                  ;	0FF,0FE,0FD,0FC,0FB,0FA,0F9
    32                                  ;EX2: 0,45,0,1 WILL OUTPUT 0 FOR 46 FRAMES
    33                                  ;
ALSOUN-ALIENS SOUNDS	ATARI MAC65 VM03.09  00:01:31 PAGE 18
OFFSET MACROS FOR SOUND ROUTINES

     1                                          .SBTTL OFFSET MACROS FOR SOUND ROUTINES
     2                                          .MACRO OFFSET,LABEL
     3                                          .IRPC X,<12345678>
     4                                          .IRPC Y,FA
     5                                          .IF DF,LABEL''X''Y
     6                                          .BYTE <LABEL''X''Y-SOUND>/2-2
     7                                          .IFF
     8                                          .BYTE 0
     9                                          .ENDC
    10                                          .ENDR
    11                                          .ENDR
    12                                          SID'LABEL=.-PNTRS-1
    13                                          .ENDM
    14                                  ;
    15                                  ;THE ABOVE MACRO GENERATES THE OFFSETS FROM THE 'SOUND' BASE ADDRESS
    16                                  ;FOR A CHANNEL OF DATA.
    17                                  ;IF LESS THAN 6 CHANNELS ARE USED, THE REMAINING POINTERS ARE SET TO 0
    18                                  ;A 0 VALUE POINTER INDICATES AN IDLE CHANNEL.
    19                                  ;
    20                                  ;EX: SOUND: .BYTE 0
    21                                  ;
    22                                  ;    CH1:   .BYTE 0,45,0,1
    23                                  ;    CH2:   .BYTE 0,45,0,2,3,7,9,1
    24                                  ;
    25                                  ;BY CALLING 'OFFSET CH' , THE FOLLOWING WILL BE PLACED IN LINE
    26                                  ;	    .BYTE CH1-SOUND
    27                                  ;	    .BYTE CH2-SOUND
    28                                  ;	    .BYTE 0,0,0,0
    29                                  ;
ALSOUN-ALIENS SOUNDS	ATARI MAC65 VM03.09  00:01:31 PAGE 19
SOUND TABLES

     1                                          .SBTTL SOUND TABLES
     2                                  ;
     3                                  ;TABLES OF OFFSET POINTER FOR SOUNDS. (6 BYTES PER SOUND NUMBER)
     4         0000'                            .CSECT
     5   0000                           PNTRS:
     6   0000    00    00    00    00           OFFSET LO               ;CURSOR MOVES
         0004    00    00    00    00
         0008    35    38    00    00
         000C    00    00    00    00
     7   0010    00    00    47    4A           OFFSET EX               ;ENEMY EXPLOSION
         0014    00    00    00    00
         0018    00    00    00    00
         001C    00    00    00    00
     8   0020    00    00    00    00           OFFSET LA               ;PLAYER FIRE
         0024    0D    10    00    00
         0028    00    00    00    00
         002C    00    00    00    00
     9   0030    00    00    00    00           OFFSET PU               ;PULSATION
         0034    00    00    00    00
         0038    00    00    65    68
         003C    00    00    00    00
    10   0040    00    00    00    00           OFFSET WP               ;SPECIAL SCORE
         0044    00    00    21    32
         0048    00    00    00    00
         004C    00    00    00    00
    11   0050    13    1A    00    00           OFFSET DI               ;PLAYER DIES
         0054    00    00    00    00
         0058    00    00    00    00
         005C    00    00    00    00
    12   0060    00    00    00    00           OFFSET T2               ;THRUST IN TUBE
         0064    00    00    00    00
         0068    00    00    53    56
         006C    00    00    00    00
    13   0070    00    00    00    00           OFFSET T3               ;THRUST IN SPACE
         0074    00    00    00    00
         0078    00    00    59    5C
         007C    00    00    00    00
    14   0080    00    00    00    00           OFFSET ES               ;ENEMY SHOT
         0084    00    00    00    00
         0088    00    00    00    00
         008C    00    00    3B    3E
    15   0090    00    00    00    00           OFFSET EL               ;ENEMY LINE DESTRUCTION
         0094    00    00    00    00
         0098    00    00    00    00
         009C    41    44    00    00
    16   00A0    4D    50    00    00           OFFSET SL               ;SLAM
         00A4    00    00    00    00
         00A8    00    00    00    00
         00AC    00    00    00    00
    17   00B0    5F    62    00    00           OFFSET S3               ;3 SECONDS LEFT WARNING
         00B4    00    00    00    00
         00B8    00    00    00    00
         00BC    00    00    00    00
    18   00C0    00    00    00    00           OFFSET PO               ;PULSAR OFF
         00C4    00    00    00    00
         00C8    00    00    6D    6D
         00CC    00    00    00    00
ALSOUN-ALIENS SOUNDS	ATARI MAC65 VM03.09  00:01:31 PAGE 19+
SOUND TABLES

    19         00D0                     PTLEN   =.-PNTRS
    20                                  ;AUDIO CONTROL CHANNEL VALUE (1 BYTE PRE SOUND NUMBER)
    21         0000                     AUDCV   =00
    22         0000                     AUDCV2  =00
    23
    24                                  ;SOUND TABLES
    25                                                                  ;ALL OF THESE LABELS GO
    26                                                                  ;HRE SO THEY HAVE AN
    27                                                                  ;OFFSET OF 0, WHICH
    28                                                                  ;PREVENTS THE SOUND FROM
    29                                                                  ;AFFECTING THOSE CHANNELS
    30                                                                  ;WHICH HAVE AN OFFSET
    31                                                                  ;OF 0
    32         00CA'                    SOUND=.-6
ALSOUN-ALIENS SOUNDS	ATARI MAC65 VM03.09  00:01:31 PAGE 20
SOUND TABLES

     1                                                                  ;A GOOD PLACE FOR THE CHECKSUM
     2                                  ;DATA STRUCTURE:
     3                                  ;A CHANNEL CONSISTS OF A SERIES OF 4 BYTE SEQUENCES:
     4                                  ;	BYTE		FUNCTION
     5                                  ;	 1		 STARTING VALUE OF SEQUENCE
     6                                  ;	 2		 # OF FRAMES BEFORE NEXT CHANGE
     7                                  ;	 3		 AMOUNT OF CHANGE (SEE NOTE 1)
     8                                  ;	 4		 TOTAL NUMBER OF CHANGES+1 (# OF DIFFERENT VALUES)
     9                                  ;TO STOP A CHANNEL, PUT IN 0,0
    10                                  ;TO LOOP BACK, PUT IN X,0, WHERE X=
    11                                  ;<OFFSET FROM SOUND: OF RESTART LOC>/2
    12                                  ;NOTE 1: FOR NOISE/AMPLITUDE CHANNEL, AMPLITUDE WILL
    13                                  ;NOT OVERFLOW INTO NOISE
    14                                  ;
    15                                  ;EXPLOSION SOUND
    16                                  ;
    17   00D0    C0    08    04    10   T51F:   .BYTE 0C0,8,4,10
    18   00D4    00    00                       .BYTE 0,0
    19   00D6    A6    20    F8    04   T51A:   .BYTE 0A6,20,0F8,4
    20   00DA    00    00                       .BYTE 0,0
    21   00DC    40    08    04    10   T52F:   .BYTE 40,8,4,10
    22   00E0    00    00                       .BYTE 0,0
    23   00E2    A6    20    FE    04   T52A:   .BYTE 0A6,20,0FE,4
    24   00E6    00    00                       .BYTE 0,0
    25                                  ;LAUNCH SOUND
    26   00E8    10    01    07    20   LA3F:   .BYTE 10,1,7,20,0,0
         00EC    00    00
    27   00EE    A2    01    F8    20   LA3A:   .BYTE 0A2,1,0F8,20,0,0
         00F2    00    00
    28                                  ;DIE
    29
    30   00F4                           DI1F:
    31   00F4    08    04    20    0A           .BYTE 8,4,20,0A
    32   00F8    08    04    01    09           .BYTE 8,4,1,9
    33   00FC    10    0D    04    0C           .BYTE 10,0D,4,0C
    34   0100    00    00                       .BYTE 0,0
    35   0102                           DI1A:
    36   0102    08    04    00    0A           .BYTE 08,4,0,0A
    37   0106    68    04    00    09           .BYTE 068,4,0,9
    38   010A    68    12    FF    09           .BYTE 68,12,0FF,9
    39   010E    00    00                       .BYTE 0,0
    40                                  ;BONUS SOUND
    41   0110    40    01    00    01   WP4F:   .BYTE 40,1,0,1
    42   0114    40    01    FF    40           .BYTE 40,1,0FF,40
    43   0118    30    01    FF    30           .BYTE 30,1,0FF,30
    44   011C    20    01    FF    20           .BYTE 20,1,0FF,20
    45   0120    18    01    FF    18           .BYTE 18,1,0FF,18
    46   0124    14    01    FF    14           .BYTE 14,1,0FF,14
    47   0128    12    01    FF    12           .BYTE 12,1,0FF,12
    48   012C    10    01    FF    10           .BYTE 10,1,0FF,10
    49   0130    00    00                       .BYTE 0,0
    50   0132    A8    93    00    02   WP4A:   .BYTE 0A8,93,0,2
    51   0136    00    00                       .BYTE 0,0
    52                                  ;CURSOR CROSSED A LINE
    53   0138    0F    04    00    01   LO5F:   .BYTE 0F,4,0,1
    54   013C    00    00                       .BYTE 0,0
    55   013E    A2    04    40    01   LO5A:   .BYTE 0A2,4,40,1
ALSOUN-ALIENS SOUNDS	ATARI MAC65 VM03.09  00:01:31 PAGE 20+
SOUND TABLES

    56   0142    00    00                       .BYTE 0,0
    57   0144    00    03    02    09   ES8F:   .BYTE 0,3,2,9                   ;ENEMY SHOT
    58   0148    00    00                       .BYTE 0,0
    59   014A    08    03    FF    09   ES8A:   .BYTE 8,3,0FF,9
    60   014E    00    00                       .BYTE 0,0
    61   0150    80    01    E8    05   EL7F:   .BYTE 80,1,0E8,5                ;ENEMY LINE DESTRUCTION
    62   0154    00    00                       .BYTE 0,0
    63   0156    A1    01    01    05   EL7A:   .BYTE 0A1,1,1,5
    64   015A    00    00                       .BYTE 0,0
    65   015C    01    08    02    10   EX2F:   .BYTE 1,8,2,10          ;ENEMY EXPLOSION
    66   0160    00    00                       .BYTE 0,0
    67   0162    86    20    00    04   EX2A:   .BYTE 86,20,0,4
    68   0166    00    00                       .BYTE 0,0
    69   0168    18    04    00    FF   SL1F:   .BYTE 18,4,0,0FF        ;SLAM SOUND
    70   016C    00    00                       .BYTE 0,0
    71   016E    AF    04    00    FF   SL1A:   .BYTE 0AF,4,0,0FF
    72   0172    00    00                       .BYTE 0,0
    73   0174    C0    02    FF    FF   T26F:   .BYTE 0C0,02,0FF,0FF            ;THRUST SOUND ON TUBE
    74   0178    00    00                       .BYTE 0,0
    75   017A    28    02    00    F0   T26A:   .BYTE 28,02,00,0F0      ;
    76   017E    00    00                       .BYTE 0,0
    77   0180    10    0B    01    40   T36F:   .BYTE 10,0B,1,40        ;THRUST SOUND IN SPACE
    78   0184    00    00                       .BYTE 0,0
    79   0186    86    40    00    0B   T36A:   .BYTE 86,40,0,0B
    80   018A    00    00                       .BYTE 0,0
    81   018C    20    80    00    03   S31F:   .BYTE 20,80,0,3,0,0     ;3 SECOND WARNING
         0190    00    00
    82   0192    A8    40    F8    06   S31A:   .BYTE 0A8,40,0F8,6,0,0
         0196    00    00
    83                                  ;PULSATION SOUND ON
    84   0198                           PU6F:
    85   0198    B0    02    00    FF           .BYTE 0B0,02,0,0FF
    86   019C    00    00                       .BYTE 0,0
    87   019E                           PU6A:
    88   019E    C8    01    02    FF           .BYTE 0C8,1,2,0FF
    89   01A2    C8    01    02    FF           .BYTE 0C8,1,2,0FF
    90   01A6    00    00                       .BYTE 0,0
    91                                  ;
    92   01A8                           PO6F:                           ;TURN PULSATION OFF
    93   01A8    C0    01    00    01   PO6A:   .BYTE 0C0,1,0,1
    94   01AC    00    00                       .BYTE 0,0
    95   01AE    00G                    CHKSM9::        .BYTE QCHKS9
ALSOUN-ALIENS SOUNDS	ATARI MAC65 VM03.09  00:01:31 PAGE 21
SOUND TABLES

     1   01AF                           IPEXPL:
     2   01AF    A9    5F               CPEXPL: LDA I,SIDDI             ;PLAYER DIES
     3   01B1    4C  01C2'                      JMP SNDON
     4   01B4    A9    0F               SBOING: LDA I,SIDLO             ;CURSOR MOVES
     5   01B6    D0    0A                       BNE SNDON
     6   01B8    A9    4F               SAUSON: LDA I,SIDWP             ;SPECIAL SCORE SOUND
     7   01BA    D0    06                       BNE SNDON
     8   01BC    A9    8F               ESLSON: LDA I,SIDES             ;ENEMY SHOT
     9   01BE    D0    02                       BNE SNDON
    10   01C0                           CCEXPL:
    11   01C0                           CIEXPL:
    12   01C0    A9    1F               EXSNON: LDA I,SIDEX             ;EXPLOSION
    13   01C2    24    05               SNDON:  BIT QSTATUS             ;ATTRACT MODE?
    14   01C4    10    00                       IFMI                    ;NO, OK TO START A SOUND
    15   01C6    86    31               FSNDON: STX MTEMP
    16   01C8    84    32                       STY MTEMP+1
    17   01CA    A8                             TAY                     ;USE AS INDEX
    18   01CB    A2    0F                       LDX I,NCHANL-1                  ;NO.
    19                                          BEGIN                   ;--;LOOP FOR EACH 1/2 CHANNEL
    20   01CD    B9  0000'                      LDA Y,PNTRS
    21   01D0    F0    00                       IFNE                    ;IF POINTER 0 DONT TOUCH THIS CHANNEL
    22   01D2    86    BF                       STX SINDEX
    23   01D4    95    C0                       STA X,POINT             ;IF NOT SET UP POINTER
    24   01D6    A9    01                       LDA I,1
    25   01D8    95    E0                       STA X,FRAMES            ;DUMMY START, NO SOUND
    26   01DA    95    F0                       STA X,COUNT             ;TILL MODSND STORES TO POKEY
    27   01DC    A9    FF                       LDA I,-1
    28   01DE    85    BF                       STA SINDEX
    29   01D1    0E                             THEN
    30   01E0    88                             DEY
    31   01E1    CA                             DEX
    32   01E2    10    E9                       MIEND
    33   01E4    A6    31                       LDX MTEMP               ;RESTORE X & Y UPON RETURN
    34   01E6    A4    32                       LDY MTEMP+1
    35   01C5    22                             THEN
    36   01E8    60                     NWSNON: RTS
    37   01E9    A9    2F               SLAUNC: LDA I,SIDLA             ;LAUNCH SOUND - PLAYER FIRE
    38   01EB    D0    D5                       BNE SNDON
    39   01ED    A9    6F               SOUTS2: LDA I,SIDT2             ;THRUST ON TUBE
    40   01EF    D0    D1                       BNE SNDON
    41   01F1    A9    7F               SOUTS3: LDA I,SIDT3             ;THRUST IN SPACE
    42   01F3    D0    CD                       BNE SNDON
    43   01F5    A9    9F               SELICO: LDA I,SIDEL             ;ENEMY LINE DESTRUCTION SOUND
    44   01F7    D0    C9                       BNE SNDON
    45   01F9    A9    AF               SSLAMS: LDA I,SIDSL             ;SLAM SOUND
    46   01FB    D0    C9                       BNE FSNDON
    47   01FD    A9    BF               S3SWAR: LDA I,SIDS3             ;3 SECONDS WARNING
    48   01FF    D0    C1                       BNE SNDON
    49   0201    A9    3F               PULSTR: LDA I,SIDPU             ;PULSATION
    50   0203    D0    BD                       BNE SNDON
    51   0205    A9    CF               PULSTO: LDA I,SIDPO             ;PULSATION OFF
    52   0207    D0    B9                       BNE SNDON
ALSOUN-ALIENS SOUNDS	ATARI MAC65 VM03.09  00:01:31 PAGE 22
SOUND ROUTINE

     1                                          .SBTTL SOUND ROUTINE
     2                                  ;
     3                                  ;CONTINUES A PREVIOUSLY STARTED SOUND
     4                                  ;WHEN CHANNEL 1 GOES IDLE, ALL SOUND ENDS
     5                                  ;
     6   0209                           MODSND:
     7   0209    A2    0F                       LDX I,NCHANL-1                  ;8 CHANNELS
     8                                          BEGIN
     9   020B    B5    C0                       LDA X,POINT
    10   020D    F0    00                       IFNE                    ;1 SET OF FRAMES EXPIRED?
    11   020F    E4    BF                       CPX SINDEX
    12   0211    F0    00                       IFNE
    13   0213    D6    E0                       DEC X,FRAMES            ;YES
    14   0215    D0    00                       IFEQ                    ;SUBCHANNEL ACTIVE?
    15   0217    D6    F0                       DEC X,COUNT             ;YES.
    16   0219    D0    00                       IFEQ                    ;MOVE TO NEXT CHANGE GROUP?
    17   021B    F6    C0               RESOUN: INC X,POINT             ;YES. START VALUE
    18   021D    F6    C0                       INC X,POINT
    19   021F    B5    C0                       LDA X,POINT
    20   0221    0A                             ASL
    21   0222    A8                             TAY
    22   0223    B0    00                       IFCC
    23   0225    B9  00CA'                      LDA Y,SOUND+STVAL
    24   0228    95    D0                       STA X,CURRENT
    25   022A    B9  00CD'                      LDA Y,SOUND+NUMBER
    26   022D    95    F0                       STA X,COUNT
    27   022F    B9  00CB'                      LDA Y,SOUND+FRCNT
    28   0232    B8    50    00                 ELSE
         0224    10
    29   0235    B9  01CA'                      LDA Y,SOUND+STVAL+100
    30   0238    95    D0                       STA X,CURRENT
    31   023A    B9  01CD'                      LDA Y,SOUND+NUMBER+100
    32   023D    95    F0                       STA X,COUNT
    33   023F    B9  01CB'                      LDA Y,SOUND+FRCNT+100
    34   0234    0D                             ENDIF
    35   0242    95    E0                       STA X,FRAMES
    36   0244    D0    00                       IFEQ                    ;CHANNEL STILL ALIVE?
    37   0246    95    C0                       STA X,POINT             ;NO. KILL IT
    38   0248    B5    D0                       LDA X,CURRENT
    39   024A    F0    00                       IFNE                    ;RESTART CHANNEL?
    40   024C    95    C0                       STA X,POINT             ;YES. UPDATE PTR. WITH RESTART LOC
    41   024E    D0    CB                       BNE RESOUN
    42   024B    04                             ENDIF
    43   0245    0A                             ENDIF                   ;
    44   0250    B8    50    00                 ELSE                    ;NO. MAKE CHANGE IN OLD GROUP
         021A    38
    45   0253    0A                             ASL
    46   0254    A8                             TAY
    47   0255    B0    00                       IFCC
    48   0257    B9  00CB'                      LDA Y,SOUND+FRCNT
    49   025A    95    E0                       STA X,FRAMES
    50   025C    B9  00CC'                      LDA Y,SOUND+CHANGE
    51   025F    B8    50    00                 ELSE
         0256    0B
    52   0262    B9  01CB'                      LDA Y,SOUND+FRCNT+100
    53   0265    95    E0                       STA X,FRAMES
    54   0267    B9  01CC'                      LDA Y,SOUND+CHANGE+100
ALSOUN-ALIENS SOUNDS	ATARI MAC65 VM03.09  00:01:31 PAGE 22+
SOUND ROUTINE

    55   0261    08                             ENDIF
    56   026A    B4    D0                       LDY X,CURRENT
    57   026C    18                             CLC
    58   026D    75    D0                       ADC X,CURRENT
    59   026F    95    D0                       STA X,CURRENT
    60   0271    8A                             TXA
    61   0272    4A                             LSR
    62   0273    90    00                       IFCS
    63   0275    98                             TYA
    64   0276    55    D0                       EOR X,CURRENT
    65   0278    29    F0                       AND I,0F0
    66   027A    55    D0                       EOR X,CURRENT
    67   027C    95    D0                       STA X,CURRENT
    68   0274    09                             ENDIF
    69   0252    2B                             ENDIF
    70   027E    B5    D0                       LDA X,CURRENT           ;UPDATE POKEY AUDIO CHANNEL
    71   0280    E0    08                       CPX I,8
    72   0282    90    00                       IFCS
    73   0284    9D  60C8                       STA X,AUDF2-8
    74   0287    B8    50    00                 ELSE
         0283    06
    75   028A    9D  60C0                       STA X,AUDF1
    76   0289    03                             ENDIF
    77   0216    76                             ENDIF
    78   0212    7A                             ENDIF
    79   020E    7E                             ENDIF
    80   028D    CA                             DEX
    81   028E    30    03    4C  020B'          MIEND
    82   0293    60                             RTS
ALSOUN-ALIENS SOUNDS	ATARI MAC65 VM03.09  00:01:31 PAGE 23
SOUND ROUTINE

     1   0294    A9    00               INISOU: LDA I,0
     2   0296    8D  60CF                       STA A,AUDF1+0F
     3   0299    8D  60DF                       STA AUDF2+0F
     4   029C    8D  0720                       STA QT4
     5   029F    A2    04               ZPOKST::        LDX I,4                 ;STOP POKEYS
     6   02A1    AD  60CA                       LDA RANDOM
     7   02A4    AC  60DA                       LDY RANDO2
     8                                          BEGIN
     9   02A7    CD  60CA                       CMP RANDOM
    10   02AA    D0    00                       IFEQ
    11   02AC    CC  60DA                       CPY RANDO2
    12   02AB    03                             ENDIF
    13   02AF    F0    00                       IFNE                    ;HALTED POKEYS?
    14   02B1    8D  0720                       STA QT4
    15   02B4    A2    00                       LDX I,0
    16   02B0    05                             ENDIF
    17   02B6    CA                             DEX
    18   02B7    10    EE                       MIEND
    19   02B9    A9    07                       LDA I,7
    20   02BB    8D  60CF                       STA A,AUDF1+0F
    21   02BE    8D  60DF                       STA AUDF2+0F
    22   02C1    A2    07                       LDX I,7
    23   02C3    A9    00                       LDA I,0
    24                                          BEGIN
    25   02C5    9D  60C0                       STA AX,AUDF1
    26   02C8    9D  60D0                       STA X,AUDF2
    27   02CB    95    C0                       STA X,POINT
    28   02CD    95    D0                       STA X,CURRENT
    29   02CF    CA                             DEX
    30   02D0    10    F3                       MIEND
    31   02D2    A9    00                       LDA I,AUDCV
    32   02D4    8D  60C8                       STA AUDCTL
    33   02D7    A9    00                       LDA I,AUDCV2
    34   02D9    8D  60D8                       STA AUD2CT
    35   02DC    60                             RTS
ALSOUN-ALIENS SOUNDS	ATARI MAC65 VM03.09  00:01:31 PAGE 24
SOUND ROUTINE

     1                                          HLL65
     2         0001'                            .END
ALSOUN-ALIENS SOUNDS	ATARI MAC65 VM03.09  00:01:31 PAGE 24+
SYMBOL TABLE

ACTIP   03AA   		ALLPOT= 60C8   		ALLPO2= 60D8   		AUDCTL= 60C8   		AUDCV = 0000
AUDCV2= 0000   		AUDC1 = 60C1   		AUDC2 = 60D1   		AUDF1 = 60C0   		AUDF2 = 60D0
AUD2CT= 60D8   		BFACTR  0078   		BINSCA  005A   		BLIFIN  0156   		BLUE  = 0006
BLULET= 0007   		BOFLAS  0124   		BONUS   0102   		BOOKKE  0412   		BOOKKS  0406
BOOMFL  010D   		BOOMTI  010E   		BUFACT  0415   		BUFRDY  0054   		CAMPC   010B
CAMSTA  010C   		CBOOM = 0024   		CBUF1 = 0078   		CCEXPL  01C0 RG		CDBOOM= 0004
CDBOXP= 0012   		CDGETI= 0006   		CDGOVR= 000C   		CDHITB= 000A   		CDLADR= 0014
CDLOGP= 0014   		CDPLAY= 0000   		CDPLPL= 000E   		CDPRST= 0010   		CDREQR= 0008
CDROP = 0020   		CDSYST= 0002   		CD2GAM= 0016   		CENDGA= 0008   		CENDLI= 0006
CENDWA= 000E   		CGETIN= 0012   		CHACHA  00A7   		CHACOU  0135   		CHAINV  00A8
CHANGE= 0002   		CHARCO  02F2   		CHARL1  02AD   		CHARL2  02C0   		CHARY   02D3
CHARYL  02E6   		CHISCH= 0010   		CHKSM9  01AE RG		CIEXPL  01C0 RG		CINIRA= 001C
CLOGO = 001A   		CNEWAV= 000C   		CNEWGA= 0000   		CNEWLI= 0002   		CNEWV2= 0018
CNOTFO= 0014   		CNWLF2= 001E   		COCKTA= 0010   		COCTAL  0117   		COLOR   009E
COLPOR= 0800   		COLRAM  0019   		COUNT   00F0   		CPAUSE= 000A   		CPEXPL  01AF RG
CPLAY = 0004   		CREQRA= 0016   		CSYSTM= 0022   		CURCOL= 0001   		CURMOD  0106
CURNTX  006A   		CURNTY  006C   		CURREN  00D0   		CURSL1  0200   		CURSL2  0201
CURSPO  0051   		CURSVH  0105   		CURSVL  0104   		CURSY   0202   		CURSYL  0107
CURWAV  009F   		DBSW    004C   		DEPCOL= 0006   		DI1A    0102 R 		DI1F    00F4 R
EACTL = 6040   		EADAL = 6000   		EAIN  = 6050   		ELICNT  0123   		EL7A    0156 R
EL7F    0150 R 		EMCTRS= 0003   		ENSIZE  0151   		ESHCOU  00A6   		ESLSON  01BC RG
ES8A    014A R 		ES8F    0144 R 		EXICAM  010A   		EXL     005E   		EXPCOL= 0000
EXPCOU  0116   		EXPLOL  02FA   		EXPLOS  0312   		EXPLOT  0302   		EXPLOY  030A
EXSNON  01C0 RG		EX2A    0162 R 		EX2F    015C R 		EYEFAC  0065   		EYH     005B
EYL     005F   		EYLDES  005D   		EYLL    005C   		EZL     0060   		FARY    014E
FBLUE = 000B   		FGREEN= 0007   		FLASH = 000F   		FLGNHI  0603   		FLICOL= 0003
FLIPCO  0142   		FRAMES  00E0   		FRCNT = 0001   		FRED  = 000C   		FRTIMR  0053
FSNDON  01C6 R 		FUSECO  0146   		GAMOP1  071E   		GAMOP3  071F   		GREEN = 0005
HARDWA= 6000   		HIRATE  0127   		HIWAVE  0126   		HRANKH= 0620   		HRANKL  061E
HRANKM= 061F   		HRED  = 000D   		HSCORH= 0708   		HSCORL= 0706   		HSCORM= 0707
ICHCOL= 0000   		ILINDD= 00F0   		ILINLI= 0010   		INCCOU  0109   		INDEX1  0037
INDEX2  0038   		INDEX3  0039   		INDEX4  003A   		INDYHI  003C   		INDYLO  003B
ININDX  0604   		INISOU  0294 RG		INITAL  0606   		INMCOU  0108   		INOP0 = 0D00
INOP1 = 0E00   		INPUT   004A   		INTACK= 5000   		INTENS  0098   		INTIME  0128
INVABI= 0007   		INVACT  02A6   		INVAC1  0283   		INVAC2  028A   		INVAL1  02B9
INVAL2  02CC   		INVAY   02DF   		INVAYL  029F   		INVCAM  0291   		INVCAR= 0003
INVCOL= 0003   		INVDIR= 0080   		INVFIR= 0040   		INVLOO  0298   		INVMOT= 0080
INVROT= 0040   		INVSEQ= 0018   		IN1   = 0C00   		IPEXPL  01AF RG		LA3A    00EE R
LA3F    00E8 R 		LEDOFF= 0003   		LEFSID  007B   		LETCOL= 0005   		LEVELY  010F
LIFSXH  035A   		LIFSXL  036A   		LIFSZH  037A   		LIFSZL  038A   		LINANG  03EE
LINEX   03CE   		LINEXM  0435   		LINEY   03AC   		LINEZ   03DE   		LINEZM  0445
LINSCA  0059   		LINSTA  039A   		LINSXH  031A   		LINSXL  032A   		LINSZH  033A
LINSZL  034A   		LITRAL  00AC   		LIVES1  0048   		LIVES2  0049   		LO5A    013E R
LO5F    0138 R 		LSCORH  0042   		LSCORL  0040   		LSCORM  0041   		LVSGAM  0158
MAH   = 6081   		MAL   = 6080   		MATRAC= 0080   		MBH   = 6083   		MBL   = 6082
MBSTAR= 6080   		MCOINC= 0002   		MCOINL= 0004   		MCOINR= 0001   		MDITES= 0020
MDYPL = 6098   		MECHS = 0003   		MEH   = 6085   		MEL   = 6084   		MFAKE = 0080
MFH   = 6087   		MFIRE = 0010   		MFL   = 6086   		MFLIP = 0004   		MGTMOD= 0040
MHALT = 0040   		MLCCNT= 0004   		MLED1 = 0002   		MLED2 = 0001   		MMCCNT= 0002
MNL   = 608C   		MODSND  0209 RG		MOPTI4= 0020   		MOPT13= 0007   		MRCCNT= 0001
MSTAT = 6040   		MSTRT1= 0020   		MSTRT2= 0040   		MSUZA = 0008   		MSZXD = 6094
MTEMP   0031   		MTEST = 0010   		MVINVX= 0008   		MVINVY= 0010   		MXH   = 6089
MXL   = 6088   		MXPH  = 6096   		MXPL  = 6095   		MYHIGH= 6070   		MYLOW = 6060
MZHH  = 6090   		MZHL  = 608F   		MZLH  = 608E   		MZLL  = 608D   		M3KHTI= 0080
NCHANL= 0010   		NCHARG= 000C   		NEARY   014D   		NEOFLI  014F   		NEWAIT  00A3
NEWPLA  003F   		NEXPLO= 0008   		NGAMES  0100   		NGAME0  040E   		NGAMIH  040D
NGAMIL  040C   		NGAM2H  0410   		NGAM2L  040F   		NGAM20  0411   		NGAVGH  0413
ALSOUN-ALIENS SOUNDS	ATARI MAC65 VM03.09  00:01:31 PAGE 24+
SYMBOL TABLE

NGAVGL  0412   		NGAVGZ  0414   		NHISCO= 0008   		NICHAR= 0004   		NINVAD= 0007
NLINES= 0010   		NNYMPH= 0040   		NPARTI= 0010   		NPCHAR= 0008   		NPLANE= 0008
NPLAYR  0101   		NRANKS= 0063   		NROMS = 000C   		NUMBER= 0003   		NUMPLA  003E
NWNYMC  015B   		NWSNON  01E8 RG		NWTELI  015A   		NYMCOL= 000C   		NYMCOU  03AB
NYMPL   0203   		NYMPY   0243   		OBJIND  0055   		OCURSL  00A5   		OFRTIM  00A4
OLDLHI  00AB   		OLDLLO  00AA   		OLOFLI  0150   		OM2GAM= 0001   		OPFLIP  013D
OPFUSE  0141   		OPPULS  013E   		OPSPIN  0140   		OPTANK  013F   		OPTIN1  0009
OPTIN2  000A   		OPTIN3  016A   		OTB     0052   		OUTANK= 60E0   		OUT0  = 4000
PARLIX  0203   		PARLIY  0223   		PARLIZ  0243   		PARLXA= 0020   		PARLXV  02C3
PARLYA= 0020   		PARLYV  02E3   		PARLZA= 0020   		PARLZV  0303   		PARTIX  0263
PARTIY  0283   		PARTIZ  02A3   		PARTXA= 0000   		PARTXV  0323   		PARTYA= 0000
PARTYV  0343   		PARTZA= 0000   		PARTZV  0363   		PCHCOL= 0001   		PCVELO= 0009
PDIRED= 000B   		PDIWHI= 0009   		PDIYEL= 000A   		PLAGRO  0115   		PLANEY  03FE
PLAYUP  003D   		PNTRS   0000 R 		POINT   00C0   		POKEY = 60C0   		POKEY2= 60D0
POTGO = 60CB   		POTGO2= 60DB   		PO6A    01A8 R 		PO6F    01A8 R 		PROG  = 9000
PSCALE  016B   		PSHCTR= 0008   		PTLEN = 00D0   		PUCHDE  00B2   		PULPOT  0157
PULSCO  0143   		PULSON  0148   		PULSTO  0205 RG		PULSTR  0201 RG		PULTIM  0147
PULVEL= FEA0   		PURPLE= 0002   		PU6A    019E R 		PU6F    0198 R 		PXL     0056
PYL     0057   		PZL     0058   		QCHKS9= ****  G		QDSTAT  0001   		QFRAME  0003
QNXTST  0002   		QSTATE  0000   		QSTATU  0005   		QTMPAU  0004   		QT1     00B5
QT2     016C   		QT3     0455   		QT4     0720   		QT5     011F   		QT6     011B
QUASEC= 0005   		RANDOM= 60CA   		RANDO2= 60DA   		RANKS   0600   		RED   = 0003
RESOUN  021B R 		RITSID  007C   		ROMSTA= 3000   		ROTDIS  0114   		ROTFLG  0113
RSCORH  0045   		RSCORL  0043   		RSCORM  0044   		RUNGVG  00B0   		SAUSON  01B8 RG
SAVEND  03CE   		SAVEP   03BC   		SAVEX   0035   		SAVEY   0036   		SBOING  01B4 RG
SCFL    0079   		SECOND= 0014   		SECOPH  040B   		SECOPL  0409   		SECOPM  040A
SECOUH  0408   		SECOUL  0406   		SECOUM  0407   		SECUVG  00B6   		SECUVY  016E
SELICO  01F5 RG		SIDDI = 005F   		SIDEL = 009F   		SIDES = 008F   		SIDEX = 001F
SIDLA = 002F   		SIDLO = 000F   		SIDPO = 00CF   		SIDPU = 003F   		SIDSL = 00AF
SIDS3 = 00BF   		SIDT2 = 006F   		SIDT3 = 007F   		SIDWP = 004F   		SINDEX  00BF
SKCTL = 60CF   		SKCTL2= 60DF   		SLAUNC  01E9 RG		SL1A    016E R 		SL1F    0168 R
SNDON   01C2 RG		SOUND = 00CA R 		SOUTS2  01ED RG		SOUTS3  01F1 RG		SPACG = 0000
SPARE3  0133   		SPBINA  013A   		SPFTIM  013C   		SPINCO  0145   		SPLINE  0139
SPOKST  0425   		SPXIND  013B   		SSLAMS  01F9 RG		STVAL = 0000   		SUBCOU  0099
SUZCNT  03AA   		SUZTIM  0125   		SVGLIS  0076   		SWFINA  004E   		SWRELE  004F
SWSTAT  004D   		SWSTRT  004D   		SXH     0062   		SXL     0061   		SYM   = 6092
SZH     0064   		SZL     0063   		S1    = 02C5 R 		S2    = 02AF R 		S3    = 0211 R
S3SWAR  01FD RG		S31A    0192 R 		S31F    018C R 		S4    = 0215 R 		S5    = 0288 R
S6    = 0282 R 		S7    = 0255 R 		TANCOL= 0002   		TANKCO  0144   		TBHD    0050
TBLIND  0602   		TCMFLG  00A2   		TEMPL   002A   		TEMPX   002E   		TEMPY   002F
TEMPZ   0030   		TEMP0   0029   		TEMP1   002A   		TEMP2   002B   		TEMP3   002C
TEMP4   002D   		TIMHIS  0605   		TNKOUT  00A1   		TOUT0   00B4   		TRACOL= 0005
TSLAMR  000B   		TURQOI= 0004   		TYPCOD  015E   		T26A    017A R 		T26F    0174 R
T36A    0186 R 		T36F    0180 R 		T51A    00D6 R 		T51F    00D0 R 		T52A    00E2 R
T52F    00DC R 		UNITXH  009B   		UNITXL  009A   		UNITZH  009D   		UNITZL  009C
VECRAM= 2000   		VGBRIT  0073   		VGLIST  0074   		VGSIZE  0072   		VGSTAR= 4800
VGSTOP= 5800   		VGY     00A9   		WAVEN1  0046   		WAVEN2  0047   		WCHAMX  011A
WCHARF  0119   		WCHARI  0118   		WCHARL  0120   		WELCOL= 0006   		WELLID  0112
WELTYP  0111   		WFLICA  015D   		WFLMAX  012E   		WFLMIN  0129   		WFUFRQ  015F
WFUMAX  0132   		WFUMIN  012D   		WFUSCH  0159   		WFUSIH= 0169   		WFUSIL= 0164
WHITE = 0000   		WINVIL  0160   		WINVIN  0165   		WINVJM  011D   		WINVMX  011C
WNYMMX  011E   		WPULCA  015C   		WPULFI  016D   		WPUMAX  012F   		WPUMIN  012A
WP4A    0132 R 		WP4F    0110 R 		WSPMAX  0131   		WSPMIN  012C   		WTACAR  0149
WTAMAX  0130   		WTAMIN  012B   		WTCHDG= 5000   		WTFMAX  0136   		WTTFRA  00B3
XADJL   0066   		XCOMP   006E   		X0H     0080   		X0L     0078   		X1H     0081
X1L     0079   		X2H     0082   		X2L     007A   		X3H     0083   		X3L     007B
X4H     0084   		X4L     007C   		X5H     0085   		X5L     007D   		X6H     0086
ALSOUN-ALIENS SOUNDS	ATARI MAC65 VM03.09  00:01:31 PAGE 24+
SYMBOL TABLE

X6L     007E   		X7H     0087   		X7L     007F   		YCOMP = 0070   		YDEUNI  00A0
YELLOW= 0001   		ZABFLI= 0000   		ZABFUS= 0004   		ZABPUL= 0001   		ZABTAN= 0002
ZABTRA= 0003   		ZADEST  0121   		ZADJL   0068   		ZAPCOL= 0000   		ZBLACK= 000F
ZBLUE = 000B   		ZCARFL= 0001   		ZCARFU= 0003   		ZCARNO= 0000   		ZCARPU= 0002
ZDIRDO= 0080   		ZDIRUP= 0000   		ZFIRNO= 0000   		ZFIRYE= 0040   		ZGREEN= 0007
ZMOTJM= 0080   		ZMOTMO= 0000   		ZPNLOC  00AE   		ZPOFFS  00AF   		ZPOKST  029F RG
ZPURPL= 0008   		ZRED  = 000C   		ZROCCW= 0040   		ZROTCW= 0000   		ZTURQO= 0003
ZWHITE= 0000   		ZYELLO= 0004   		Z0H     0090   		Z0L     0088   		Z1H     0091
Z1L     0089   		Z2H     0092   		Z2L     008A   		Z3H     0093   		Z3L     008B
Z4H     0094   		Z4L     008C   		Z5H     0095   		Z5L     008D   		Z6H     0096
Z6L     008E   		Z7H     0097   		Z7L     008F   		$BC     0018   		$BCCNT  0016
$CCTIM  0013   		$CMODE  0009   		$CNCT   0017   		$CNSTT  000D   		$COINA  0008
$INTCT  0007   		$LAM    0008   		$LMBIT= 0008   		$LMTIM  000C   		$PSTSL  0010
$TEST   0008   		$$CRDT  0006   		.Z.   = 0005   		...RD = 0010   		...T  = 02B6 R
...X  = 0000
. ABS.	0721	  00
      	02DD	  01
ERRORS DETECTED: 0
FREE CORE: 12341. WORDS

OBJ:ALSOUN,OBJ:ALSOUN.LST=ALSOUN

(OBJ:ALSOUN.OBJ,OBJ:ALSOUN.LST=DK1:ALSOUN)

A TOTAL OF 4,097 STATEMENTS WERE PROCESSED.

CPU TIME -  00:00:00.1     I/O TIME -  00:00:00.0

                                                                                                                                                                            