ALTEST	ATARI MAC65 VM03.09  00:00:44
TABLE OF CONTENTS

   1-  2	****************************************
   1-  3	*					*
   1-  4	*MODULE: ALTEST				*
   1-  5	*PROGRAMMER: DAVE THEURER		*
   1-  6	*FUNCTION: ALIENS SELF-TEST FUNCTIONS	*
   1-  7	*					*
   1-  8	*****************************************
   1- 11 **************************************************
   1- 12 *						*
   1- 13 *MODULE:		ALCOMN				*
   1- 14 *PROGRAMMER:	DAVE THEURER			*
   1- 15 *FUNCTION:	ALIENS CONSTANTS AND VARIABLES	*
   1- 16 *		TO BE .INCLUDED IN:		*
   1- 17 *		    ALGAME,ALDISP,ALHARD	*
   1- 18 *						*
   1- 19	COPYRIGHT 1980 ATARI, INC.  UNAUTHORIZED REPRODUCTION,
   1- 20	ADAPTION, DISTRIBUTION, PERFORMANCE OR DISPLAY OF THIS
   1- 21	COMPUTER PROGRAM OR THE ASSOCIATED AUDIOVISUAL WORK IS
   1- 22	STRICTLY PROHIBITED.
   1- 23 **************************************************
   2-  4 CONSTANTS-COUNTS
   2- 25 CONSTANTS-STATE CODES
   4-  1 CONSTANTS-PICTURES
   4- 22	BOOM
   6-  1	HARDWARE DEFINITIONS
   7-  1 VARIABLES-CONTROL
   8-  1 VARIABLES-WORK
   8- 22 VARIABLES-PLAYERS
   8- 41 VARIABLES-SWITCHES
   9-  1 VARIABLES-DISPLAY
  11- 25	VARIABLES - PLAY
  12-  1	CONSTANTS-COUNTS
  12- 12	CONSTANTS-PLAYFIELD
  12- 17	VARIABLES-OBJECT COUNTERS
  13-  1	VARIABLES-OBJECT LOCATION + STATUS
  13-137	VARIABLES - PAGE 1
  16-  3	VGMC - VECTOR MACROS
  16-  4	**************************
  16-  5	*
  16-  6	* PROGRAMMER:  ED LOGG
  16-  7	*
  16-  8	**************************
  16- 24 CNTR
  16- 32	HALT
  16- 43	JSRL
  16- 56 STAT
  16- 75 SCAL
  16- 87	RTSL
  16- 98	JMPL
  16-111	VCTR
  16-139	ALPHANUMERICS
  17-  1 DATABASE
  18-  1	SYSTEM INFO -
  18- 23	SYSTEM DISPLAY STATE ROUTINE
  18- 49	SYSTEM INFO - SPECIAL OPTIONS
  18- 88	SYSTEM INFO
  19-  1	REPORT BAD RAM
ALTEST	ATARI MAC65 VM03.09  00:00:44
TABLE OF CONTENTS

  20-  1	SELF TEST ENTRY
  21-  2	ZERO PAGE TEST
  21- 35	NON ZERO PAGE RAM TEST
  22-  1	ROM TEST
  23-  1	MAIN LOOP FOR DIAGNOSTICS
  24-  1	SELF TEST SUBROUTINE ON CASE GOSUB
  25-  1	SIGNATURE ANALYSIS
  26-  1	BAD EAROM RECOVERY
  27-  1	SWITCH TEST
  28-  1	CROSS HATCH, INTENSITY TEST PATTERNS
  29-  1	SOUND TEST
  30-  1	REPORT ROM,MATHBOX,EAROM PROBLEMS
  31-  2	MATH BOX TEST
  32-  1	EAROM OPERATIONS
  32-  3	DISPLAY LIST OF TRIPLE PRECISION #S
  33-  1	DISPLAY LIST OF TRIPLE PRECISION #S
ALTEST	ATARI MAC65 VM03.09  00:00:44 PAGE 1


     1                                  .TITLE ALTEST
     2                                          .SBTTL  ****************************************
     3                                          .SBTTL  *                                       *
     4                                          .SBTTL  *MODULE: ALTEST                         *
     5                                          .SBTTL  *PROGRAMMER: DAVE THEURER               *
     6                                          .SBTTL  *FUNCTION: ALIENS SELF-TEST FUNCTIONS   *
     7                                          .SBTTL  *                                       *
     8                                          .SBTTL  *****************************************
ALTEST	ATARI MAC65 VM03.09  00:00:44 PAGE 16
VARIABLES - PAGE 1

     2+                                         .INCLUDE VGMC		;<<<<<<<<<<<<<<<<<<<<<<<<<<<<<<<<<<
     3+                                 .SBTTL  VGMC - VECTOR MACROS
     4+                                         .SBTTL  **************************
     5+                                         .SBTTL  *
     6+                                         .SBTTL  * PROGRAMMER:  ED LOGG
     7+                                         .SBTTL  *
     8+                                         .SBTTL  **************************
     9+        0000                             .REPT   0
    10+                                 DATE:           8-OCT-79
    11+                                 PROJECT:        23803
    12+                                 DISK:           105, B39
    13+                                 DESCRIPTION:
    14+                                         GENERAL PURPOSE MACROS TO FACILITATE PROGRAMMING THE
    15+                                         AUTO-NORMALIZING VECTOR GENERATOR
    16+
    17+                                         BEWARE:  CODE REFERENCING THESE MACROS MUST BE ASECT IF THE "JSRL"
    18+                                                  OR "JMPL" MACRO IS USED
    19+
    20+                                         .ENDR
    21+                                 ;
    22+                                 ;	CNTR - CENTER BEAM IN MIDDLE OF SCREEN.
    23+                                 ;
    24+                                         .SBTTL CNTR
    25+                                         .MACRO CNTR
    26+                                         .WORD ^H8040
    27+                                         .ENDM
    28+                                 ;
    29+                                 ;	HALT - HALT THE VECTOR GENERATOR INSTRUCTION
    30+                                 ;	WHEN EXECUTED BY VG SETS THE VG HALT FLAG.
    31+                                 ;
    32+                                         .SBTTL  HALT
    33+                                         .MACRO  HALT
    34+                                         .WORD   ^H2000
    35+                                         .ENDM
    36+                                 ;
    37+                                 ;	JSRL - JUMP SUBROUTINE INSTRUCTION
    38+                                 ;	THE LOWER THREE NYBBLES SPECIFY AN ADDRESS RELATIVE
    39+                                 ;	TO THE BEGINNING OF THE VECTOR GENERATOR ADDRESSABLE
    40+                                 ;	INSTRUCTION SPACE  DIVIDED BY 2.  THE TOTAL ADDRESS
    41+                                 ;	AREA IS 8K BYTES.
    42+                                 ;
    43+                                         .SBTTL  JSRL
    44+                                         .MACRO  JSRL LABL
    45+                                         .WORD   <LABL&^H1FFF>/2.+^H0A000
    46+                                         .ENDM
    47+                                 ;
    48+                                 ;	STAT - SET VECTOR GENERATOR STATUS
    49+                                 ;	THE FIRST PARAMETER IS AN INTENSITY TO SET THE INTENSITY REGISTER.
    50+                                 ;	THE SECOND PARAMETER IS CALLED HI/LOW.  THE CURRENT BEAM POSITION
    51+                                 ;	IS USED TO DEFINE THE CORNERS OF A RECTANGULAR AREA.  IF HI/LOW=1,
    52+                                 ;	THEN THIS DEFINES THE UPPER RIGHT CORNER; OTHERWISE, IT IS THE
    53+                                 ;	LOWER LEFT CORNER.  THE THIRD PARAMETER IS CALLED IN/OUT.  IF IT
    54+                                 ;	IS 0, THEN LINES ARE DISPLAYED ON THE INSIDE ELSE THE OUTSIDE.
    55+                                 ;
    56+                                         .SBTTL STAT
    57+                                         .MACRO STAT Z,HI,IN
    58+                                         ...1=1
ALTEST	ATARI MAC65 VM03.09  00:00:44 PAGE 16+
STAT

    59+                                         ...2=0
    60+                                         ...3=0
    61+                                         .IF NB,HI'IN
    62+                                         ...1=0
    63+                                         ...2=HI
    64+                                         ...3=IN
    65+                                         .ENDC
    66+                                         .WORD ^H6000+<...1*^H400>+<...2*^H200>+<...3*^H100>+<Z*^H10>
    67+                                         .ENDM
    68+                                 ;
    69+                                 ;	SCAL - SET VECTOR GENERATOR SCALE
    70+                                 ;	THE FIRST PARAMETER IS THE POWER OF 2 SCALE.  A VALUE OF 0 MEANS
    71+                                 ;	FULL SIZE, 1=1/2 SIZE, 2=1/4, ..., 7=1/128 SIZE.  THE SECOND
    72+                                 ;	PARAMETER IS THE LINEAR SCALE (OPTIONAL).  A VALUE OF 0 MEANS
    73+                                 ;	FULL SIZE, 80=1/2 SIZE, FF=1/256 SIZE.
    74+                                 ;
    75+                                         .SBTTL SCAL
    76+                                         .MACRO SCAL S,LS
    77+                                         ...1=0
    78+                                         .IIF NB,LS,...1=LS
    79+                                         .WORD ^H7000+...1+<S*^H100>
    80+                                         .ENDM
    81+                                 ;
    82+                                 ;	RTSL - RETURN FROM SUBROUTINE
    83+                                 ;	THIS INSTRUCTION IS ANALOGOUS TO AN RTS INSTRUCTION FOR
    84+                                 ;	A MICROPROCESSOR. THE VG IS CAPABLE OF FIVE LEVELS OF
    85+                                 ;	SUBROUTINE CALLS (JSRL).
    86+                                 ;
    87+                                         .SBTTL  RTSL
    88+                                         .MACRO  RTSL
    89+                                         .WORD   ^H0C000
    90+                                         .ENDM
    91+                                 ;
    92+                                 ;	JMPL - JUMP TO ROUTINE
    93+                                 ;	THE LOWER THREE BYTES REFERENCES AN ADDRESS JUST AS
    94+                                 ;	THE LOWER THREE BYTES OF AN JSRL INSTRUCTION. THE
    95+                                 ;	INSTRUCTION OPERATES JUST AS A JMP INSTRUCTION DOES
    96+                                 ;	FOR A 650X OR 6800 MICRO.
    97+                                 ;
    98+                                         .SBTTL  JMPL
    99+                                         .MACRO  JMPL LABL
   100+                                         .WORD   <LABL&^H1FFF>/2.+^H0E000
   101+                                         .ENDM
   102+                                 ;
   103+                                 ;	VCTR - DRAW VECTOR INSTRUCTION
   104+                                 ;	THIS INSTRUCTION DRAWS A VECTOR ON THE DISPLAY AREA
   105+                                 ;	RELATIVE TO THE PREVIOUS BEAM POSITION BEFORE THE
   106+                                 ;	INSTRUCTION IS EXECUTED.  DX IS THE CHANGE IN BEAM X
   107+                                 ;	POSITION; DY IS THE CHANGE IN BEAM Y POSITION; ZZ
   108+                                 ;	SPECIFIES THE BEAM INTENSITY (0 THROUGH 7., 0 IS
   109+                                 ;	NO INTENSITY, 7. IS BRIGHTEST INTENSITY).
   110+                                 ;
   111+                                         .SBTTL  VCTR
   112+                                         .MACRO  VCTR DX,DY,ZZ
   113+                                         ...1=DX
   114+                                         ...2=DY
   115+                                         .IF      LT,...1                ;IF NEGATIVE X
ALTEST	ATARI MAC65 VM03.09  00:00:44 PAGE 16+
VCTR

   116+                                         ...1=-DX
   117+                                         .ENDC
   118+                                         .IF      LT,...2                ;IF NEGATIVE Y
   119+                                         ...2=-DY
   120+                                         .ENDC
   121+                                         ...5=...1!...2
   122+                                         .IF     NE,...1+...2                    ;IF X AND Y ARE 0 - SKIP SHOR VECTOR
   123+                                         .IF      EQ,...5&^H0FFE1
   124+                                         .WORD   ^H4000+<ZZ*^H20>+<DX/2&^H1F>+<DY*^H80&^H1F00>
   125+                                         .MEXIT
   126+                                         .ENDC
   127+                                         .ENDC
   128+                                         .WORD   DY&^H1FFF,<ZZ*^H2000>+<DX&^H1FFF>
   129+                                         .ENDM
   130+                                 ;
   131+                                 ;	ALPHA - ALPHANUMERIC JSRL LIST INSTRUCTION
   132+                                 ;	THIS INSTRUCTION CONSTRUCTS A JSRL INSTRUCTION
   133+                                 ;	FOR EVERY CHARACTER IN THE CALLING PARAMETER
   134+                                 ;	STRING, THUS A LABEL CHAR.X MUST EXIST FOR EVERY
   135+                                 ;	UNIQUE CHARACTER X IN THE PARAMETER STRING.
   136+                                 ;	RESERVED CHARACTERS USED BY THE PDP SYSTEMS
   137+                                 ;	(IE @ : ; ETC.) SHOULD NOT BE USED.
   138+                                 ;
   139+                                         .SBTTL  ALPHANUMERICS
   140+                                         .MACRO  ALPHA   STRING
   141+                                         .IRPC   ...X,<STRING>
   142+                                         JSRL    CHAR.'...X
   143+                                         .ENDR
   144+                                         .ENDM
   145+                                         .LIST MEB
   146+                                         .NLIST  BYT
   147+                                         .MACRO  COLOR   COL,LUM
   148+                                         .BYTE   <LUM*^H10>+COL,^H64
   149+                                         .ENDM
   150+                                 ;
   151+                                 ;	COLOR - THE COLOR INSTRUCTION REPLACES THE STAT
   152+                                 ;	INSTRUCTION IN THE COLOR VECTOR HARDWARE.  TWO PARAMETERS
   153+                                 ;	ARE PASSED.  THE FIRST IS THE DESIRED COLOR, THE
   154+                                 ;	SECOND IS THE INTENSITY.
   155+                                 ;	TYPICAL FORMAT:	COLOR	RED,10
   156+                                 ;
ALTEST	ATARI MAC65 VM03.09  00:00:44 PAGE 17
DATABASE

     1                                          .SBTTL DATABASE
     2                                          .GLOBL RESET,SYSTEM,DSPSYS      ;ENTRY POINT
     3                                          .GLOBL VGCNTR,VGADD2,VGHEX,VGVTR1,DIGITS,VGMSGA,VGSCA1
     4                                          .GLOBL RESET,VGHALT,VGJSRL,INTEST,VGSTAT,CHEKER,DIGTYS,MAINLN,REHIIN
     5                                          .GLOBL EAZERO,COCMSG,EAFLG,EABAD,EASING,EAUPD,HYSTER,HATCH,ROMRPI
     6                                          .GLOBL DSPCRD,LIFE1,BOKLIT,LIFEY,GETOP3
     7                                          .GLOBL EAZHIS,EAZBOO,DISPLAY,INILIT,SYSOPT,INIINI,GINICO,VGSTA1,EAZFLG,EAREQU
     8                                          .GLOBL QCHKSB,BONDRY
     9         0000'                            .CSECT
    10         0078                     MBCOND  =CBUF1
    11         0079                     RAMCND  =MBCOND+1
    12         007A                     PK1CND  =RAMCND+1
    13         007B                     PK2CND  =PK1CND+1
    14         007C                     EARCND  =PK2CND+1
    15         007D                     CHKSMS  =EARCND+1
ALTEST	ATARI MAC65 VM03.09  00:00:44 PAGE 18
SYSTEM INFO -

     1                                          .SBTTL  SYSTEM INFO -
     2
     3   0000                           SYSTEM:
     4   0000    A9    00                       LDA I,0                 ;STOP GAME
     5   0002    85    05                       STA QSTATUS
     6   0004    A9    02                       LDA I,CDSYST
     7   0006    85    01                       STA QDSTATE                     ;SYSTEM DISPLAY STATE
     8   0008    AD  0000G                      LDA EAFLG
     9   000B    D0    00                       IFEQ                            ;EAROM BUSY?
    10   000D    AD  0C00                       LDA IN1                         ;NO
    11   0010    29    10                       AND I,MTEST
    12   0012    F0    00                       IFNE                            ;ALL DONE?
    13   0014    A9    00                       LDA I,CNEWGA                    ;YES. BACK TO GAME
    14   0016    85    00                       STA QSTATE
    15   0018    AD  0000G                      LDA EABAD
    16   001B    29    03                       AND I,3
    17   001D    F0    00                       IFNE                            ;INITIALIZE SCORE STUFF?
    18   001F    20  0000G                      JSR INIINI                      ;YES
    19   001E    03                             ENDIF
    20   0013    0E                             ENDIF
    21   000C    15                             ENDIF
    22   0022    60                             RTS
    23                                          .SBTTL  SYSTEM DISPLAY STATE ROUTINE
    24   0023                           DSPSYS:
    25   0023    20  0000G                      JSR INILIT                      ;SET UP LANGUAGE PTR
    26   0026    20  0000G                      JSR DSPCRD                      ;COIN MODE STUFF
    27   0029    20  03C8'                      JSR DOPSWI                      ;DISPLAY BINARY OPTION SWITCHES
    28   002C    20  0555'                      JSR DBOOKE                      ;BOOKEEPING
    29                                                                          ;DISPLAY LIVES/GAME
    30   002F    AD  0158                       LDA LVSGAM              ;GET # LIVES
    31   0032    85    37                       STA INDEX1
    32   0034    20  0000G                      JSR VGCNTR
    33   0037    A9    E8                       LDA I,0E8
    34   0039    A2    C0                       LDX I,0C0
    35   003B    20  0000G                      JSR VGVTR1              ;POSITION BEAM
    36                                          BEGIN                   ;LOOP FOR EACH LIFE PICTURE
    37   003E    A9    00                       LAH LIFEY+1
         003F  0001G
    38   0040    A2    00                       LXL LIFEY
         0041  0000G
    39   0042    20  0000G                      JSR VGJSRL              ;DRAW LIFE PIC
    40   0045    C6    37                       DEC INDEX1
    41   0047    D0    F5                       EQEND
    42   0049    AD  016A                       LDA OPTIN3              ;EASY/MED/HARD DISPLAY
    43   004C    29    03                       AND I,3
    44   004E    0A                             ASL
    45   004F    A8                             TAY
    46   0050    B9  0009G                      LDA Y,SYSOPT+9
    47   0053    B6    08G                      LDX Y,SYSOPT+8
    48   0055    20  0000G                      JSR VGJSRL
    49                                          .SBTTL  SYSTEM INFO - SPECIAL OPTIONS
    50
    51   0058    AD  0200                       LDA CURSL1              ;UPDATE CURSOR
    52   005B    20  0000G                      JSR GINICO
    53   005E    8D  0200                       STA CURSL1
    54   0061    29    06                       AND I,06
    55   0063    48                             PHA
ALTEST	ATARI MAC65 VM03.09  00:00:44 PAGE 18+
SYSTEM INFO - SPECIAL OPTIONS

    56   0064    A8                             TAY
    57   0065    B9  0001G                      LDA Y,SYSOPT+1
    58   0068    BE  0000G                      LDX Y,SYSOPT
    59   006B    20  0000G                      JSR VGJSRL              ;DISPLAY OPTIONS (SELF TEST ZERO EAROM)
    60   006E    68                             PLA
    61   006F    4A                             LSR
    62   0070    AA                             TAX
    63   0071    A5    4D                       LDA SWSTAT
    64   0073    3D  00D4'                      AND X,OPTMSK
    65   0076    DD  00D4'                      CMP X,OPTMSK
    66   0079    D0    00                       IFEQ                    ;OPTION SELECTED?
    67   007B    CA                             DEX                     ;YES.
    68   007C    CA                             DEX
    69   007D    10    00                       IFMI
    70   007F    4C  015D'                      JMP RESET               ;SELF TEST OPTION
    71   007E    03                             ENDIF
    72   0082    D0    00                       IFEQ
    73   0084    20  0000G                      JSR EAZBOO              ;ZERO TIMES OPTION
    74   0087    B8    50    00                 ELSE
         0083    06
    75   008A    20  0000G                      JSR EAZHIS              ;ZERO HI SCORES OPTION
    76   008D    AD  0000G                      LDA EABAD
    77   0090    09    03                       ORA I,3
    78   0092    8D  0000G                      STA EABAD               ;INDUCE HI SCORE INIT
    79   0089    0B                             ENDIF
    80   007A    1A                             ENDIF
    81   0095    AD  0000G                      LDA EAFLG
    82   0098    2D  0000G                      AND EAZFLG
    83   009B    F0    00                       IFNE                    ;EAROM BUSY?
    84   009D    A9    00                       LAH EASING+1
         009E  0001G
    85   009F    A2    00                       LXL EASING              ;YES. ERASING
         00A0  0000G
    86   00A1    20  0000G                      JSR VGJSRL
    87   009C    07                             ENDIF
    88                                          .SBTTL  SYSTEM INFO
    89                                                                  ;MECH MULTIPLIERS
    90   00A4    20  0000G                      JSR VGCNTR
    91   00A7    A5    09                       LDA OPTIN1
    92   00A9    29    1C                       AND I,1C
    93   00AB    4A                             LSR
    94   00AC    4A                             LSR
    95   00AD    AA                             TAX
    96   00AE    BD  00D8'                      LDA X,CRMECHT
    97   00B1    A0    EE                       LDY I,-72./4
    98   00B3    A2    1B                       LDX I,1B
    99   00B5    20  00C7'                      JSR POSDIG
   100                                                                  ;BONUS ADDER
   101   00B8    A5    09                       LDA OPTIN1
   102   00BA    4A                             LSR
   103   00BB    4A                             LSR
   104   00BC    4A                             LSR
   105   00BD    4A                             LSR
   106   00BE    4A                             LSR
   107   00BF    AA                             TAX
   108   00C0    BD  00E0'                      LDA X,BONADR
   109   00C3    A0    32                       LDY I,32
ALTEST	ATARI MAC65 VM03.09  00:00:44 PAGE 18+
SYSTEM INFO

   110   00C5    A2    F8                       LDX I,-32./4
   111   00C7    85    29               POSDIG: STA TEMP0
   112   00C9    98                             TYA
   113   00CA    20  0000G                      JSR VGVTR1              ;POSITION BEAM
   114   00CD    A9    29                       LDA I,TEMP0
   115   00CF    A0    01                       LDY I,1
   116   00D1    4C  0000G                      JMP DIGTYS
   117   00D4    18    18    30    50   OPTMSK: .BYTE MFIRE!MSUZA,MFIRE!MSUZA,MFIRE!MSTRT1,MFIRE!MSTRT2
   118   00D8    11    14    15    16   CRMECHT:        .BYTE 11,14,15,16,21,24,25,26
         00DC    21    24    25    26
   119   00E0    00    12    14    24   BONADR:         .BYTE 0,12,14,24,15,13,0,0
         00E4    15    13    00    00
ALTEST	ATARI MAC65 VM03.09  00:00:44 PAGE 19
REPORT BAD RAM

     1                                          .SBTTL  REPORT BAD RAM
     2                                                                  ;BAD 0 PAGE RAM
     3                                                                  ;
     4   00E8    A8                     HIBAD:  TAY                     ;BAD BITS
     5   00E9    A9    00                       LDA I,0                 ;BAD BLOCK #
     6                                                                  ;AC=BAD RAM BLOCK
     7                                                                  ;Y=BAD BITS (NOT 0)
     8   00EB    84    79               BRAMREP:        STY RAMCND
     9   00ED    4A                             LSR
    10   00EE    4A                             LSR
    11   00EF    0A                             ASL                     ;*2
    12   00F0    AA                             TAX
    13   00F1    98                             TYA
    14   00F2    29    0F                       AND I,0F
    15   00F4    D0    00                       IFEQ
    16   00F6    E8                             INX                     ;+1 IF MSB NIBBLE BAD AND LSB GOOD
    17   00F5    01                             ENDIF
    18   00F7    9A                             TXS
    19                                          BEGIN
    20   00F8    A9    A2                       LDA I,0A2               ;SET UP POKEY AMPLITUDE/NOISE
    21   00FA    8D  60C1                       STA AUDC1
    22                                                                  ;LOOP UNTIL BAD NIBBLE IS PROCESSED
    23   00FD    BA                             TSX
    24   00FE    D0    00                       IFEQ                    ;BAD NIBBLE?
    25   0100    A9    60                       LDA I,060               ;YES. BAD (HI) TONE
    26   0102    A0    09                       LDY I,9                 ;     BAD (LONG) DELAY
    27   0104    B8    50    00                 ELSE
         00FF    07
    28   0107    A9    C0                       LDA I,0C0               ;NO. GOOD (LO) TONE
    29   0109    A0    01                       LDY I,1                 ;    GOOD (SHOT) DELY
    30   0106    04                             ENDIF
    31   010B    8D  60C0                       STA AUDF1               ;SOUND ON
    32   010E    A9    03                       LDA I,LEDOFF            ;LED OFF
    33   0110    8D  60E0                       STA OUTANK
    34   0113    A2    00                       LDX I,0
    35                                          BEGIN                   ;DELAY LOOP-LONG OR SORT
    36                                          BEGIN
    37                                          BEGIN
    38   0115    2C  0C00                       BIT IN1
    39   0118    30    FB                       PLEND
    40                                          BEGIN
    41   011A    2C  0C00                       BIT IN1
    42   011D    10    FB                       MIEND
    43   011F    8D  5000                       STA WTCHDG
    44   0122    CA                             DEX
    45   0123    D0    F0                       EQEND
    46   0125    88                             DEY
    47   0126    D0    ED                       EQEND
    48   0128    8E  60C1                       STX AUDC1               ;SOUND OFF
    49   012B    A9    00                       LDA I,0
    50   012D    8D  60E0                       STA OUTANK              ;LED ON
    51   0130    A0    09                       LDY I,9
    52                                          BEGIN                   ;DELAY LOOP-FIXED LENGTH-LONG
    53                                          BEGIN
    54                                          BEGIN
    55   0132    2C  0C00                       BIT IN1
    56   0135    30    FB                       PLEND
ALTEST	ATARI MAC65 VM03.09  00:00:44 PAGE 19+
REPORT BAD RAM

    57                                          BEGIN
    58   0137    2C  0C00                       BIT IN1
    59   013A    10    FB                       MIEND
    60   013C    8D  5000                       STA WTCHDG
    61   013F    CA                             DEX
    62   0140    D0    F0                       EQEND
    63   0142    88                             DEY
    64   0143    D0    ED                       EQEND
    65                                                                  ;
    66   0145    BA                             TSX                     ;UPDATE RAM COUNT
    67   0146    CA                             DEX                     ;
    68   0147    9A                             TXS
    69   0148    10    AE                       MIEND                   ;EXIT AFTER BAD NIBBLE IS PROCESSED
    70   014A    4C  0223'                      JMP ROMTST
    71                                                                  ;
    72                                                                  ;
    73                                                                  ;
    74                                                                  ;BAD NON 0 PAGE RAM
    75                                                                  ;
    76   014D                           HIRBAD:                         ;ACC=TEST PATTERN
    77   014D    51    00                       EOR NY,0                ;PUT BAD BITS INTO Y
    78   014F    A8                     HIRBD2: TAY
    79   0150    A5    01                       LDA 1
    80   0152    C9    20                       CMP I,VECRAM/100
    81   0154    90    00                       IFCS                    ;VECTOR RAM?
    82   0156    E9    18                       SBC I,<VECRAM-800>/100  ;YES.
    83   0155    02                             ENDIF
    84   0158    29    1F                       AND I,1F                ;BAD RAM BLOCK
    85   015A    4C  00EB'                      JMP BRAMREP             ;REPORT BAD RAM
ALTEST	ATARI MAC65 VM03.09  00:00:44 PAGE 20
SELF TEST ENTRY

     1                                          .SBTTL  SELF TEST ENTRY
     2
     3   015D                           RESET:
     4   015D                           SFTEST:
     5   015D    78                             SEI                     ;NO INTERRUPTS
     6   015E    8D  5000                       STA WTCHDG              ;KICK DOG
     7   0161    8D  5800                       STA VGSTOP
     8   0164    A2    FF                       LDX I,0FF
     9   0166    9A                             TXS                     ;SET STACK PTR TO TOS
    10   0167    D8                             CLD
    11   0168    A9    00                       LDA I,0
    12   016A    AA                             TAX
    13   016B    A8                             TAY
    14                                          BEGIN                   ;LOOP FOR EACH RAM PAGE (IN X)
    15   016C    84    00                       STY 0
    16   016E    86    01                       STX 1
    17   0170    A0    00                       LDY I,0
    18                                          BEGIN                   ;LOOP FOR EACH CELL IN PAGE
    19   0172    91    00                       STA NY,0                ;ZERO CELL
    20   0174    C8                             INY
    21   0175    D0    FB                       EQEND
    22   0177    E8                             INX
    23   0178    E0    08                       CPX I,8
    24   017A    D0    00                       IFEQ
    25   017C    A2    20                       LDX I,VECRAM/100
    26   017B    02                             ENDIF
    27   017E    E0    30                       CPX I,<VECRAM+1000>/100 ;DONE WITH VECTOR RAM?
    28   0180    8D  5000                       STA WTCHDG
    29   0183    90    E7                       CSEND
    30   0185    85    00                       STA 0                   ;YES. ZERO INDIRECT PTRS.
    31   0187    85    01                       STA 1
    32                                                                  ;
    33   0189    8D  60E0                       STA OUTANK              ;TURN ON LEDS
    34   018C    8D  60CF                       STA AUDF1+0F            ;INITIALIZE POKEYS
    35   018F    8D  60DF                       STA AUDF2+0F
    36   0192    A2    07                       LDX I,7
    37   0194    8E  60CF                       STX AUDF1+0F
    38   0197    8E  60DF                       STX AUDF2+0F
    39   019A    E8                             INX
    40                                          BEGIN                   ;LOOP FOR EACH CHANNEL
    41   019B    9D  60C0                       STA X,AUDF1
    42   019E    9D  60D0                       STA X,AUDF2
    43   01A1    CA                             DEX
    44   01A2    10    F7                       MIEND
    45   01A4    AD  0C00                       LDA IN1
    46   01A7    29    10                       AND I,MTEST
    47   01A9    F0    00                       IFNE                    ;CONTINUE SELF TEST?
    48                                          BEGIN                   ;LOOP FOR 400 MS SO
    49                                          BEGIN                   ;EAROM GETS ENOUGH JUICE
    50   01AB    8D  5000                       STA WTCHDG
    51   01AE    CE  0100                       DEC 100
    52   01B1    D0    F8                       EQEND
    53   01B3    CE  0101                       DEC 101
    54   01B6    D0    F3                       EQEND
    55   01B8    20  0000G                      JSR REHIIN              ;NO. READ EAROM
    56   01BB    20  0000G                      JSR INIINI              ;INITIALIZE HI SCORE STUFF
    57   01BE    58                             CLI                     ;
ALTEST	ATARI MAC65 VM03.09  00:00:44 PAGE 20+
SELF TEST ENTRY

    58   01BF    4C  0000G                      JMP MAINLN              ;GO TO ATTRACT MODE
    59   01AA    17                             ENDIF
ALTEST	ATARI MAC65 VM03.09  00:00:44 PAGE 21
SELF TEST ENTRY

     1
     2                                          .SBTTL  ZERO PAGE TEST
     3
     4                                  ;ON ENTRY ALL RAM IS 0
     5   01C2    A2    11                       LDX I,11                ;STARTING PATTERN
     6                                          BEGIN                   ;LOOP FOR EACH PATTERN
     7   01C4    9A                             TXS
     8   01C5    A0    00                       LDY I,0
     9                                          BEGIN                   ;LOOP FOR EACH TEST CALL
    10   01C7    BA                             TSX
    11   01C8    96    00                       STX Y,0                 ;PATTERN TO TEST CALL
    12   01CA    A2    01                       LDX I,1
    13                                          BEGIN                   ;LOOP FOR ALL OTHER TEST CALLS
    14   01CC    C8                             INY
    15   01CD    B9  0000                       LDA Y,0
    16   01D0    F0    00                       IFNE                    ;NOT 0?
    17   01D2    4C  00E8'              JMPHIB: JMP HIBAD               ;YES. ERROR
    18   01D1    03                             ENDIF
    19   01D5    E8                             INX
    20   01D6    D0    F4                       EQEND
    21   01D8    BA                             TSX
    22   01D9    8A                             TXA
    23   01DA    8D  5000                       STA WTCHDG              ;KICK DOG
    24   01DD    C8                             INY
    25   01DE    59  0000                       EOR Y,0
    26   01E1    D0    EF                       BNE JMPHIB              ;ERROR IF NOT 0
    27   01E3    99  0000                       STA Y,0                 ;CLEAR TEST CELL
    28   01E6    C8                             INY
    29   01E7    D0    DE                       EQEND
    30   01E9    BA                             TSX
    31   01EA    8A                             TXA
    32   01EB    0A                             ASL                     ;SHIFT PATTERN
    33   01EC    AA                             TAX
    34   01ED    90    D5                       CSEND
    35                                          .SBTTL  NON ZERO PAGE RAM TEST
    36   01EF    A0    00                       LDY I,0                 ;START AT PAGE 1
    37   01F1    A2    01                       LDX I,1
    38                                          BEGIN
    39   01F3    84    00                       STY 0                   ;SET INDIRECT PTR. TO 1ST TEST CELL IN PAGE
    40   01F5    86    01                       STX 1
    41   01F7    A0    00                       LDY I,0
    42                                          BEGIN                   ;LOOP FOR EACH TEST CELL IN RAM PAGE
    43   01F9    B1    00                       LDA NY,0
    44   01FB    F0    00                       IFNE                    ;NOT 0?
    45   01FD    4C  014F'                      JMP HIRBD2              ;YES. ERROR
    46   01FC    03                             ENDIF
    47   0200    A9    11                       LDA I,11
    48                                          BEGIN                   ;LOOP FOR ECH PATTERN INTO TEST CELL
    49   0202    91    00                       STA NY,0                ;STORE PATTERN TO TEST CELL
    50   0204    D1    00                       CMP NY,0                ;COMPARE TEST CELL WITH PATTERN
    51   0206    F0    00                       IFNE                    ;NOT 0?
    52   0208    4C  014D'                      JMP HIRBAD              ;YES. ERROR
    53   0207    03                             ENDIF
    54   020B    0A                             ASL                     ;NEXT PATTERN
    55   020C    90    F4                       CSEND
    56   020E    A9    00                       LDA I,0
    57   0210    91    00                       STA NY,0                ;CLEAR TEST CELL
ALTEST	ATARI MAC65 VM03.09  00:00:44 PAGE 21+
NON ZERO PAGE RAM TEST

    58   0212    C8                             INY                     ;NEXT TEST CELL
    59   0213    D0    E4                       EQEND
    60   0215    8D  5000                       STA WTCHDG
    61   0218    E8                             INX                     ;POINT TO NEXT PAGE
    62   0219    E0    08                       CPX I,8
    63   021B    D0    00                       IFEQ                    ;PAGES 1 TO 7
    64   021D    A2    20                       LDX I,VECRAM/100
    65   021C    02                             ENDIF
    66   021F    E0    30                       CPX I,<VECRAM+1000>/100 ;AND 20 TO 2F
    67   0221    90    D0                       CSEND
ALTEST	ATARI MAC65 VM03.09  00:00:44 PAGE 22
ROM TEST

     1                                          .SBTTL  ROM TEST
     2   0223                           ROMTST:
     3   0223    A9    00                       LDA I,0
     4   0225    A8                             TAY                     ;INDEX INTO PAGE
     5   0226    AA                             TAX                     ;CHECKSUM INDEX & ROM COUNTER
     6   0227    85    3B                       STA INDYLO
     7   0229    A9    30                       LDA I,ROMSTART/100      ;SET POINTER TO START OF 1ST ROM
     8   022B    85    3C                       STA INDYHI
     9                                          BEGIN                   ;LOOP FOR EACH ROM
    10   022D    A9    08                       LDA I,8                 ;SET COUNTER FOR 8 PAGES IN ROM
    11   022F    85    38                       STA INDEX2
    12   0231    8A                             TXA                     ;GET SEED FOR ROM
    13                                          BEGIN                   ;LOOP FOR EACH PAGE IN ROM
    14                                          BEGIN                   ;LOOP FOR EACH BYTE IN PAGE
    15   0232    51    3B                       EOR NY,INDYLO           ;UPDATE CHECKSUM
    16   0234    C8                             INY
    17   0235    D0    FB                       EQEND
    18   0237    E6    3C                       INC INDYHI              ;NEXT PAGE IN ROM
    19   0239    8D  5000                       STA A,WTCHDG            ;KICK DOG
    20   023C    C6    38                       DEC INDEX2
    21   023E    D0    F2                       EQEND
    22   0240    95    7D                       STA X,CHKSMS            ;SAVE CHECKUM OF ROM
    23   0242    E8                             INX
    24   0243    E0    02                       CPX I,2
    25   0245    D0    00                       IFEQ                    ;PROGRAM ROM NOW?
    26   0247    A9    90                       LDA I,PROG/100          ;YES
    27   0249    85    3C                       STA INDYHI
    28   0246    04                             ENDIF
    29   024B    E0    0C                       CPX I,NROMS             ;DONE YET?
    30   024D    90    DE                       CSEND
    31                                                                  ;MAKE SOUND IF VG ROM IS BAD
    32   024F    A5    7D                       LDA CHKSMS
    33   0251    F0    00                       IFNE                    ;BAD VG ROM?
    34   0253    A9    40                       LDA I,40                ;YES. MAKE CONTINUIOUS TONE
    35   0255    A2    A4                       LDX I,0A4
    36   0257    8D  60C4                       STA AUDF1+4
    37   025A    8E  60C5                       STX AUDC1+4
    38   0252    0A                             ENDIF
ALTEST	ATARI MAC65 VM03.09  00:00:44 PAGE 23
MAIN LOOP FOR DIAGNOSTICS

     1                                          .SBTTL  MAIN LOOP FOR DIAGNOSTICS
     2                                                                  ;
     3                                                                  ;TEST BOTH POKEYS FOR RANDOM #S
     4                                                                  ;
     5   025D    A2    05                       LDX I,5
     6   025F    AD  60CA                       LDA RANDOM
     7                                          BEGIN
     8   0262    CD  60CA                       CMP RANDOM
     9   0265    D0    05                       BNE OK1
    10   0267    CA                             DEX
    11   0268    10    F8                       MIEND
    12   026A    85    7A                       STA PK1CND              ;BAD POKEY 1
    13   026C    A2    05               OK1:    LDX I,5
    14   026E    AD  60DA                       LDA RANDO2
    15                                          BEGIN
    16   0271    CD  60DA                       CMP RANDO2
    17   0274    D0    05                       BNE OK2
    18   0276    CA                             DEX
    19   0277    10    F8                       MIEND
    20   0279    85    7B                       STA PK2CND              ;BAD POKEY 2
    21   027B    20  0000G              OK2:    JSR REHIIN              ;READ IN EAROM
    22   027E    A0    02                       LDY I,2                 ;DEFAULT GOOD
    23   0280    AD  0000G                      LDA EABAD
    24   0283    F0    00                       IFNE                    ;BAD EAROM?
    25   0285    85    7C                       STA EARCND              ;BAD EAROM FLAG
    26   0287    20  0000G                      JSR EAZERO              ;YES. ERASE EAROM
    27   028A    A0    00                       LDY I,0
    28   028C    8C  0000G                      STY EABAD
    29   0284    0A                             ENDIF
    30   028F    84    00                       STY QSTATE
    31   0291    A2    07                       LDX I,07                ;SET UP COLOR RAM
    32                                          BEGIN
    33   0293    BD  0313'                      LDA X,TABCOL
    34   0296    9D  0800                       STA X,COLPOR
    35   0299    CA                             DEX
    36   029A    10    F7                       MIEND
    37   029C    A9    00                       LDA I,0                 ;INIT CONTROLS FLIP
    38   029E    8D  60E0                       STA OUTANK
    39   02A1    A9    10                       LDA I,MVINVY            ;INIT SCREEN FLIP
    40   02A3    8D  4000                       STA OUT0
    41                                          BEGIN                   ;MAIN SELF TEST DIAGNOSTIC LOOP
    42   02A6    A0    04                       LDY I,4
    43                                          BEGIN
    44   02A8    A2    14                       LDX I,14
    45                                          BEGIN                   ;LOOP FOR 7 MS
    46                                          BEGIN
    47   02AA    2C  0C00                       BIT IN1
    48   02AD    10    FB                       MIEND
    49                                          BEGIN
    50   02AF    2C  0C00                       BIT IN1
    51   02B2    30    FB                       PLEND
    52   02B4    CA                             DEX
    53   02B5    10    F3                       MIEND
    54   02B7    88                             DEY
    55   02B8    30    08                       BMI TIMEST              ;BR ABORT IF TOO LONG
    56   02BA    8D  5000                       STA WTCHDG
    57   02BD    2C  0C00                       BIT IN1
ALTEST	ATARI MAC65 VM03.09  00:00:44 PAGE 23+
MAIN LOOP FOR DIAGNOSTICS

    58   02C0    50    E6                       VSEND
    59   02C2    8D  5800               TIMEST: STA VGSTOP
    60   02C5    A9    00                       LDA I,VECRAM&0FF        ;SET POINTER TO TOP OF VECTOR RAM
    61   02C7    85    74                       STA VGLIST
    62   02C9    A9    20                       LDA I,VECRAM/100
    63   02CB    85    75                       STA VGLIST+1
    64   02CD    8D  60CB                       STA POTGO
    65   02D0    AD  60C8                       LDA ALLPOT
    66   02D3    85    52                       STA OTB
    67   02D5    29    0F                       AND I,0F
    68   02D7    85    50                       STA TBHD                ;READ POT
    69   02D9    AD  0C00                       LDA IN1
    70   02DC    49    FF                       EOR I,0FF
    71   02DE    29    2F                       AND I,MCOINL!MCOINC!MCOINR!$LMBIT!MDITES
    72   02E0    85    4E                       STA SWFINA
    73   02E2    29    28                       AND I,$LMBIT!MDITES
    74   02E4    F0    00                       IFNE                    ;TEST DIAGNOSTIC SWITCH PRESSED?
    75   02E6    06    4C                       ASL DBSW                ;YES.
    76   02E8    90    00                       IFCS                    ;DEPRESSED LONG ENOUGH?
    77   02EA    E6    00                       INC QSTATE              ;YES. INCREMENT DIAGNOSTIC STATE
    78   02EC    E6    00                       INC QSTATE
    79   02E9    04                             ENDIF
    80   02EE    B8    50    00                 ELSE
         02E5    0B
    81   02F1    A9    20                       LDA I,20                ;NOT PRESSED. RESTART PRESSED TIMER
    82   02F3    85    4C                       STA DBSW
    83   02F0    04                             ENDIF
    84   02F5    20  0329'                      JSR SSTATE              ;EXECUTE APPROPRIATE SELF TEST STATE
    85   02F8    20  0000G                      JSR VGHALT              ;PLACE HALT AT END OF DISPLAY LIST
    86   02FB    8D  4800                       STA VGSTART
    87   02FE    E6    03                       INC QFRAME
    88   0300    A5    03                       LDA QFRAME
    89   0302    29    03                       AND I,3
    90   0304    D0    00                       IFEQ
    91   0306    20  0000G                      JSR EAUPD               ;UPDATE EAROM EVERY 4*16 MS IF NECESSARY
    92   0305    03                             ENDIF
    93   0309    AD  0C00                       LDA IN1
    94   030C    29    10                       AND I,MTEST
    95   030E    F0    96                       NEEND                   ;EXIT LOOP IF SELF TEST SWITCH IS OFF
    96   0310    4C  0310'              WDGTST: JMP WDGTST              ;GO BACK TO RESET VIA WATCH DOG RESET
    97   0313    00    04    08    0C   TABCOL: .BYTE ZWHITE,ZYELLO,ZPURPL,ZRED,ZTURQOI,ZGREEN,ZBLUE,ZBLUE
         0317    03    07    0B    0B
ALTEST	ATARI MAC65 VM03.09  00:00:44 PAGE 24
SELF TEST SUBROUTINE ON CASE GOSUB

     1                                          .SBTTL  SELF TEST SUBROUTINE ON CASE GOSUB
     2   031B                           SFTJSR:
     3   031B  0373'                            .WORD BADEAR-1          ;BAD EAROM
     4   031D  0483'                            .WORD ROMREP-1          ;REPORT ON ROM, MATH BOX
     5   031F  042E'                            .WORD SHATCH-1          ;CROSS LATCH, ALPHABET
     6   0321  0438'                            .WORD SHYSTER-1         ;HYSTERESIS
     7   0323  0424'                            .WORD SINTEN-1
     8   0325  0414'                            .WORD SCHEKR-1          ;CHECKERS
     9   0327  033B'                            .WORD SIGANA-1          ;SIGNATURE ANALYSIS
    10   0329                           SFTJSE:
    11   0329                           SSTATE:
    12   0329    A6    00                       LDX QSTATE
    13   032B    E0    0E                       CPX I,SFTJSE-SFTJSR
    14   032D    90    00                       IFCS
    15   032F    A2    02                       LDX I,2
    16   0331    86    00                       STX QSTATE
    17   032E    04                             ENDIF
    18   0333    BD  031C'                      LDA X,SFTJSR+1
    19   0336    48                             PHA
    20   0337    BD  031B'                      LDA X,SFTJSR
    21   033A    48                             PHA
    22   033B    60                     NOOPR:  RTS
ALTEST	ATARI MAC65 VM03.09  00:00:44 PAGE 25
SIGNATURE ANALYSIS

     1                                          .SBTTL  SIGNATURE ANALYSIS
     2   033C                           SIGANA:
     3   033C    A9    00                       LDA I,0                 ;CLOSE SIGNATURE WINDOW
     4   033E    8D  60E0                       STA OUTANK              ;SAEN23 (ENABLE FOR SA)
     5   0341    8D  6080                       STA MBSTAR              ;CLOCK IT
     6   0344    8D  60C0                       STA POKEY
     7   0347    8D  60D0                       STA POKEY2
     8   034A    8D  6000                       STA EADAL
     9   034D    8D  6040                       STA EACTL
    10   0350    AD  6040                       LDA MSTAT
    11   0353    AD  6060                       LDA MYLOW
    12   0356    AD  6070                       LDA MYHIGH
    13   0359    AD  6050                       LDA EAIN
    14   035C    A9    08                       LDA I,8                 ;****
    15   035E    8D  60E0                       STA OUTANK              ;OPEN SIGNATURE WINDOW
    16   0361    A9    01                       LDA I,1
    17   0363    A2    1F                       LDX I,1F
    18   0365    18                             CLC
    19                                          BEGIN
    20   0366    9D  6080                       STA X,MBSTAR            ;SCAN MB MAPPING PROM
    21   0369    2A                             ROL
    22   036A    CA                             DEX
    23   036B    10    F9                       MIEND
    24   036D    A9    00                       LAH BONDRY+1
         036E  0001G
    25   036F    A2    00                       LXL BONDRY
         0370  0000G
    26   0371    4C  0000G                      JMP VGJSRL              ;DRAW BIG BOX ON SCREEN
ALTEST	ATARI MAC65 VM03.09  00:00:44 PAGE 26
BAD EAROM RECOVERY

     1                                          .SBTTL  BAD EAROM RECOVERY
     2   0374                           BADEAR:
     3   0374    AD  0000G                      LDA EAFLG
     4   0377    0D  0000G                      ORA EAREQU
     5   037A    D0    00                       IFEQ                    ;DONE ERASING?
     6   037C    20  0000G                      JSR REHIIN              ;YES. TRY TO READ AGAIN
     7   037F    AD  0000G                      LDA EABAD
     8                                                                  ;STILL BAD?
     9   0382    85    7C                       STA EARCND              ;YES. SET BAD EAROM FLAG
    10   0384    A9    02                       LDA I,2                 ;GO TO REPORT STATUS STATE
    11   0386    85    00                       STA QSTATE
    12   037B    0C                             ENDIF
    13   0388    60                             RTS
ALTEST	ATARI MAC65 VM03.09  00:00:44 PAGE 27
SWITCH TEST

     1                                          .SBTTL  SWITCH TEST
     2   0389                           SWITES:                         ;
     3   0389    A2    00                       LDX I,0
     4   038B    8D  60DB                       STA POTGO2
     5   038E    AD  60D8                       LDA ALLPO2
     6   0391    29    78                       AND I,MSTRT1!MSTRT2!MSUZA!MFIRE
     7   0393    85    4D                       STA SWSTAT
     8   0395    F0    00                       IFNE                    ;ANY SWITCHES PRESSED?
     9   0397    8D  60C0                       STA AUDF1               ;YES. MAKE SOUND
    10   039A    A2    A4                       LDX I,0A4
    11   0396    05                             ENDIF
    12   039C    8E  60C1                       STX AUDC1
    13   039F    A2    00                       LDX I,0
    14   03A1    A5    4E                       LDA SWFINA
    15   03A3    F0    00                       IFNE                    ;SWITCHES PRESSED?
    16   03A5    0A                             ASL
    17   03A6    8D  60C2                       STA AUDF1+2             ;YES. MAKE SOUND
    18   03A9    A2    A4                       LDX I,0A4
    19   03A4    06                             ENDIF
    20   03AB    8E  60C3                       STX AUDC1+2
    21   03AE    20  03C8'                      JSR DOPSWI              ;DISPLAY OPTION SWITCHES
    22                                                                  ;
    23   03B1    A4    4D                       LDY SWSTAT
    24   03B3    A9    D0                       LDA I,0D0
    25   03B5    A2    F0                       LDX I,0F0
    26   03B7    20  03E8'                      JSR GENOPD              ;DISPLAY SWITCHES
    27   03BA    A4    4E                       LDY SWFINA
    28   03BC    20  03E4'                      JSR BITS2               ;DISPLAY SWITCHES
    29   03BF    A0    08                       LDY I,8
    30   03C1    A2    04                       LDX I,4
    31   03C3    A5    50                       LDA TBHD
    32   03C5    4C  00C7'                      JMP POSDIG              ;OUTPUT POT READING
    33   03C8    20  0000G              DOPSWI: JSR VGCNTR              ;OPTION SWITCH DISLAY
    34   03CB    A9    00                       LDA I,0
    35   03CD    20  0000G                      JSR VGSCA1              ;BIG DIGITS
    36   03D0    A9    E8                       LDA I,-96./4            ;SPACE OVER FOR 1ST OPTION SWITCH
    37   03D2    A2    F8                       LDX I,0F8
    38   03D4    AC  0D00                       LDY INOP0               ;
    39   03D7    20  03E8'                      JSR GENOPD              ;DISPLAY 1ST OPTION SWITCH
    40   03DA    AC  0E00                       LDY INOP1               ;SPACE OVER FOR SECOND OPTION SWITCH
    41   03DD    20  03E4'                      JSR BITS2               ;DISPLAY 2ND SWITCH
    42   03E0    20  03FE'                      JSR GETOP3              ;GET OPTION SWITCH 3
    43   03E3    A8                             TAY                     ;DISPLAY
    44   03E4    A9    D0               BITS2:  LDA I,-192./4
    45   03E6    A2    F8                       LDX I,0F8
    46   03E8    84    35               GENOPD: STY SAVEX
    47   03EA    20  0000G                      JSR VGVTR1              ;GENERAL OPTIONS DISPLAY ROUTINE
    48   03ED    A2    07                       LDX I,7                 ;ACC=OPTION BYTE
    49   03EF    86    37                       STX INDEX1
    50                                          BEGIN                   ;LOOP FOR EACH BIT IN BYTE
    51   03F1    06    35                       ASL SAVEX
    52   03F3    A9    00                       LDA I,0
    53   03F5    2A                             ROL
    54   03F6    20  0000G                      JSR VGHEX               ;DISPLAY 0 OR 1
    55   03F9    C6    37                       DEC INDEX1
    56   03FB    10    F4                       MIEND
    57   03FD    60                             RTS
ALTEST	ATARI MAC65 VM03.09  00:00:44 PAGE 27+
SWITCH TEST

    58   03FE                           GETOP3:                 ;GET OPTION SWITCH 3 INTO ACC
    59   03FE    8D  60DB                       STA POTGO2
    60   0401    AD  60D8                       LDA ALLPO2              ;READ LOW 3 BITS OF 3RD SWITCH
    61   0404    29    07                       AND I,MOPT13
    62   0406    85    37                       STA INDEX1
    63   0408    8D  60CB                       STA POTGO
    64   040B    AD  60C8                       LDA ALLPOT              ;READ HIGH BIT OF 4 IN 3RD SWITCH
    65   040E    29    20                       AND I,MOPTI4
    66   0410    4A                             LSR
    67   0411    4A                             LSR
    68   0412    05    37                       ORA INDEX1              ;MERGE
    69   0414    60                             RTS
ALTEST	ATARI MAC65 VM03.09  00:00:44 PAGE 28
CROSS HATCH, INTENSITY TEST PATTERNS

     1                                          .SBTTL  CROSS HATCH, INTENSITY TEST PATTERNS
     2   0415                           SCHEKR:
     3   0415    A5    50                       LDA TBHD
     4   0417    4A                             LSR
     5   0418    A8                             TAY
     6   0419    A9    68                       LDA I,68
     7   041B    20  0000G                      JSR VGSTAT              ;SET COLOR
     8   041E    A9    00                       LAH CHEKER+1
         041F  0001G
     9   0420    A2    00                       LXL CHEKER
         0421  0000G
    10   0422    4C  0000G                      JMP VGJSRL              ;JSRL TO CHECKER BOARD
    11   0425                           SINTEN:
    12   0425    20  0475'                      JSR NOSOUND
    13   0428    A9    00                       LAH INTEST+1
         0429  0001G
    14   042A    A2    00                       LXL INTEST
         042B  0000G
    15   042C    4C  0000G                      JMP VGJSRL              ;INTENSITY TEST
    16   042F    20  0475'              SHATCH: JSR NOSOUND
    17   0432    A9    00                       LAH HATCH+1
         0433  0001G
    18   0434    A2    00                       LXL HATCH
         0435  0000G
    19   0436    4C  0000G                      JMP VGJSRL              ;CROSS HATCH & ALPHABET
ALTEST	ATARI MAC65 VM03.09  00:00:44 PAGE 29
SOUND TEST

     1                                          .SBTTL  SOUND TEST
     2   0439                           SHYSTER:
     3   0439    A5    03                       LDA QFRAME
     4   043B    29    3F                       AND I,3F
     5   043D    D0    00                       IFEQ
     6   043F    E6    39                       INC INDEX3              ;UPDATE TIMER
     7   043E    02                             ENDIF
     8   0441    A5    39                       LDA INDEX3
     9   0443    29    07                       AND I,7
    10   0445    AA                             TAX
    11   0446    BC  0463'                      LDY X,SNDTBL-1
    12   0449    A9    00                       LDA I,0
    13   044B    99  60C1                       STA Y,AUDC1             ;TURN OFF OLD CHANNEL
    14   044E    BC  0464'                      LDY X,SNDTBL
    15   0451    BD  046D'                      LDA X,SNDFRQ
    16   0454    99  60C0                       STA Y,AUDF1             ;TURN ON NEW CHANNEL
    17   0457    A9    A8                       LDA I,0A8
    18   0459    99  60C1                       STA Y,AUDC1
    19   045C    A9    00                       LAH HYSTER+1
         045D  0001G
    20   045E    A2    00                       LXL HYSTER
         045F  0000G
    21   0460    4C  0000G                      JMP VGJSRL              ;HYSTERESIS
    22   0463    16                             .BYTE 16                ;PART OF SNDTBL (UNDERFLOW)
    23   0464    00    10    02    12   SNDTBL: .BYTE 0,10,2,12,4,14,6,16,0
         0468    04    14    06    16
         046C    00
    24   046D    10    10    40    40   SNDFRQ: .BYTE 10,10,40,40,90,90,0FF,0FF
         0471    90    90    FF    FF
    25   0475    A2    06               NOSOUN: LDX I,6         ;TURN OFF ALL SUNDS
    26   0477    A9    00                       LDA I,0
    27                                          BEGIN
    28   0479    9D  60C1                       STA X,AUDC1
    29   047C    9D  60D1                       STA X,AUDC2
    30   047F    CA                             DEX
    31   0480    CA                             DEX
    32   0481    10    F6                       MIEND
    33   0483    60                             RTS
ALTEST	ATARI MAC65 VM03.09  00:00:44 PAGE 30
REPORT ROM,MATHBOX,EAROM PROBLEMS

     1                                          .SBTTL  REPORT ROM,MATHBOX,EAROM PROBLEMS
     2   0484                           ROMREP:
     3   0484    20  0389'                      JSR SWITES              ;TEST SWITCHES
     4   0487    A5    52                       LDA OTB
     5   0489    29    10                       AND I,COCKTA
     6   048B    F0    00                       IFNE                    ;COCKTAIL?
     7   048D    A9    00                       LAH COCMSG+1            ;YES. DISPLAY A C IN CORNER
         048E  0001G
     8   048F    A2    00                       LXL COCMSG
         0490  0000G
     9   0491    20  0000G                      JSR VGJSRL
    10   0494    A0    10                       LDY I,MVINVY            ;DEFAULT NO XY FLIP
    11   0496    A5    4D                       LDA SWSTAT
    12   0498    29    60                       AND I,MSTRT1!MSTRT2
    13   049A    F0    00                       IFNE                    ;EITHER START PRESSED?
    14   049C    49    20                       EOR I,MSTRT1            ;YES.
    15   049E    F0    00                       IFNE                    ;START 2?
    16   04A0    A9    04                       LDA I,MFLIP             ;YES. FLIP SCREEN TO PLAYER 2
    17   04A2    A0    08                       LDY I,MVINVX
    18   049F    04                             ENDIF                   ;NO. FLIP TO PLAYER 1
    19   04A4    8D  60E0                       STA OUTANK
    20   04A7    8C  4000                       STY OUT0
    21   049B    0E                             ENDIF
    22   048C    1D                             ENDIF
    23   04AA    A9    00                       LAH ROMRPI+1
         04AB  0001G
    24   04AC    A2    00                       LXL ROMRPI
         04AD  0000G
    25   04AE    20  0000G                      JSR VGJSRL              ;HORIZ LINE & POSITION FOR ROM REPEAT
    26   04B1    A2    0B                       LDX I,NROMS-1
    27                                          BEGIN                   ;LOOP FOR EACH ROM
    28   04B3    B5    7D                       LDA X,CHKSMS
    29   04B5    F0    00                       IFNE                    ;BAD CHECKSUM?
    30   04B7    85    35                       STA SAVEX               ;YES.
    31   04B9    86    38                       STX INDEX2
    32   04BB    8A                             TXA
    33   04BC    20  0000G                      JSR VGHEX               ;DISPLAY ROM #
    34   04BF    A0    F4                       LDY I,-48./4
    35   04C1    A2    F4                       LDX I,-48./4
    36   04C3    A5    35                       LDA SAVEX
    37   04C5    20  00C7'                      JSR POSDIG              ;POSITION & DISPLAY CHECKSUM
    38   04C8    A9    0C                       LDA I,48./4
    39   04CA    A2    0C                       LDX I,48./4
    40   04CC    20  0000G                      JSR VGVTR1              ;SPACE BACK & DOWN
    41   04CF    A6    38                       LDX INDEX2
    42   04B6    1A                             ENDIF
    43   04D1    CA                             DEX
    44   04D2    10    DF                       MIEND
    45                                                                  ;
    46   04D4    20  0502'                      JSR MBTEST              ;TEST MATH BOX
    47   04D7    20  0000G                      JSR VGCNTR
    48   04DA    A9    00                       LDA I,0
    49   04DC    A2    16                       LDX I,88./4
    50   04DE    20  0000G                      JSR VGVTR1              ;POSITION BEAM
    51   04E1    A2    04                       LDX I,4
    52   04E3    86    37                       STX INDEX1
    53                                          BEGIN                   ;LOOP FOR EACH STATUS
ALTEST	ATARI MAC65 VM03.09  00:00:44 PAGE 30+
REPORT ROM,MATHBOX,EAROM PROBLEMS

    54   04E5    A6    37                       LDX INDEX1
    55   04E7    A0    00                       LDY I,0                 ;DEFAULT GOOD (BLANK)
    56   04E9    B5    78                       LDA X,MBCOND
    57   04EB    F0    00                       IFNE                    ;GOOD?
    58   04ED    BC  04FD'                      LDY X,BADNWS            ;NO. BAD. GET LETTER
    59   04EC    03                             ENDIF
    60   04F0    B9  0000G                      LDA Y,VGMSGA
    61   04F3    B6    01G                      LDX Y,VGMSGA+1
    62   04F5    20  0000G                      JSR VGADD2              ;OUTPUT LETTER
    63   04F8    C6    37                       DEC INDEX1
    64   04FA    10    E9                       MIEND
    65                                                                  ;DISLAY C IF COCKTAIL
    66                                                                  ;
    67   04FC    60                             RTS
    68   04FD    2E    38    34    36   BADNWS: .BYTE 46.,56.,52.,54.,30.       ;M,R,P,Q,E
         0501    1E
ALTEST	ATARI MAC65 VM03.09  00:00:44 PAGE 31
REPORT ROM,MATHBOX,EAROM PROBLEMS

     1
     2                                          .SBTTL  MATH BOX TEST
     3
     4   0502                           MBTEST:
     5   0502    A5    2E                       LDA TEMPX               ;DIVIDE TEMPX,Y BY TEMPX,Y
     6   0504    8D  6095                       STA MXPL
     7   0507    8D  608D                       STA MZLL
     8   050A    A5    2F                       LDA TEMPY
     9   050C    8D  6096                       STA MXPH
    10   050F    A2    00                       LDX I,0
    11   0511    20  0531'                      JSR READMB              ;DO DIVIDE
    12   0514    E0    80                       CPX I,80
    13   0516    B0    14                       BCS BADBOX              ;BRANCH IF TIMEOUT
    14   0518    C9    01                       CMP I,1
    15   051A    D0    10                       BNE BADBOX              ;BRANCH IF RESULTS NOT CORRECT
    16   051C    98                             TYA
    17   051D    D0    0D                       BNE BADBOX
    18   051F    A5    78                       LDA MBCOND              ;GOOD RESULTS
    19   0521    F0    00                       IFNE                    ;LOCK AT 0
    20   0523    C6    78                       DEC MBCOND              ;IMPROVE STATUS
    21   0522    02                             ENDIF
    22   0525    E6    2E               INCTMP: INC TEMPX               ;UPDATE DIVISOR & DIVIDEND
    23   0527    D0    00                       IFEQ
    24   0529    E6    2F                       INC TEMPY
    25   0528    02                             ENDIF
    26   052B    60                             RTS
    27   052C    E6    78               BADBOX: INC MBCOND              ;BAD NEWS. SET BAD FLAG
    28   052E    4C  0525'                      JMP INCTMP
    29   0531    A0    00               READMB: LDY I,0
    30   0533    8D  608E                       STA MZLH
    31   0536    8E  608F                       STX MZHL
    32   0539    8C  6090                       STY MZHH
    33   053C    A9    10                       LDA I,10
    34   053E    8D  608C                       STA MNL
    35   0541    8D  6094                       STA MSZXD
    36   0544    A2    64                       LDX I,100.
    37                                          BEGIN
    38   0546    CA                             DEX
    39   0547    30    0B                       BMI TOOSLO
    40   0549    AD  6040                       LDA MSTAT
    41   054C    30    F8                       PLEND
    42   054E    AD  6060                       LDA MYLOW
    43   0551    AC  6070                       LDY MYHIGH
    44   0554    60                     TOOSLO: RTS
ALTEST	ATARI MAC65 VM03.09  00:00:44 PAGE 32
EAROM OPERATIONS

     1                                          .SBTTL  EAROM OPERATIONS
     2
     3                                          .SBTTL  DISPLAY LIST OF TRIPLE PRECISION #S
     4
     5   0555                           DBOOKE:                         ;SET UP TO DISLAY LIST OF #S
     6   0555    AD  040F                       LDA NGAM2L
     7   0558    0A                             ASL
     8   0559    85    29                       STA TEMP0
     9   055B    AD  0410                       LDA NGAM2H
    10   055E    2A                             ROL
    11   055F    85    2A                       STA TEMP1
    12   0561    AD  040C                       LDA NGAMIL
    13   0564    18                             CLC
    14   0565    65    29                       ADC TEMP0
    15   0567    8D  6095                       STA MXPL
    16   056A    85    29                       STA TEMP0
    17   056C    AD  040D                       LDA NGAMIH
    18   056F    65    2A                       ADC TEMP1
    19   0571    8D  6096                       STA MXPH
    20   0574    05    29                       ORA TEMP0
    21   0576    D0    00                       IFEQ                    ;DIVIDE BY 0?
    22   0578    A9    01                       LDA I,1                 ;YES. MAKE IT 1
    23   057A    8D  6095                       STA MXPL
    24   0577    05                             ENDIF
    25   057D    AD  0409                       LDA SECOPL
    26   0580    8D  608D                       STA MZLL
    27   0583    AD  040A                       LDA SECOPM              ;GET TIME FOR DIVIDEND
    28   0586    AE  040B                       LDX SECOPH
    29   0589    20  0531'                      JSR READMB              ;DIVIDE
    30   058C    8D  0412                       STA NGAVGL              ;RESULTS
    31   058F    8C  0413                       STY NGAVGH
    32   0592    A9    00                       LDA I,0
    33   0594    85    73                       STA VGBRIT
    34   0596    8D  0414                       STA NGAVGZ
    35   0599    A9    00                       LAH BOKLIT+1            ;BOOKKEEPING LITERALS
         059A  0001G
    36   059B    A2    00                       LXL BOKLIT
         059C  0000G
    37   059D    20  0000G                      JSR VGJSRL
    38   05A0    A9    06                       LDA I,BOOKKS&0FF        ;POINT TO 1ST #
    39   05A2    85    3B                       STA INDYLO
    40   05A4    A9    04                       LDA I,BOOKKS/100
    41   05A6    85    3C                       STA INDYHI
    42   05A8    A9    04                       LDA I,4                 ;DISPLAY N NUMBERS
    43   05AA    85    37                       STA INDEX1
    44                                  ;	JSR TPLIST		;DISPLAY LIST (FALL IN)
    45                                  ;	RTS
ALTEST	ATARI MAC65 VM03.09  00:00:44 PAGE 33
DISPLAY LIST OF TRIPLE PRECISION #S

     1                                          .SBTTL  DISPLAY LIST OF TRIPLE PRECISION #S
     2
     3                                  ;INPUT:INDYLO, HI=BASE ADDRESS OF LIST OF TRIPLE PRECISION #S
     4                                  ;      INDEX1=# OF #'S TO DISLAY -1
     5                                  ;
     6   05AC                           TPLIST:
     7                                          BEGIN
     8   05AC    A0    00                       LDY I,0         ;SET UP BCD HEX IN TEMP0,1,2
     9   05AE    84    31                       STY MTEMP
    10   05B0    84    32                       STY MTEMP+1
    11   05B2    84    33                       STY MTEMP+2
    12   05B4    84    34                       STY MTEMP+3
    13   05B6    B1    3B                       LDA NY,INDYLO
    14   05B8    85    56                       STA PXL
    15   05BA    E6    3B                       INC INDYLO
    16   05BC    B1    3B                       LDA NY,INDYLO
    17   05BE    85    57                       STA PXL+1
    18   05C0    E6    3B                       INC INDYLO
    19   05C2    B1    3B                       LDA NY,INDYLO
    20   05C4    85    58                       STA PXL+2
    21   05C6    E6    3B                       INC INDYLO
    22                                                                  ;
    23                                                                  ;CONVERT PXL(3) FROM HEX TO BCD
    24                                                                  ;IN TEMP0(4)
    25   05C8    F8                             SED
    26   05C9    A0    17                       LDY I,17
    27   05CB    84    38                       STY INDEX2
    28                                          BEGIN                   ;LOOP FOR 3*8 BITS
    29   05CD    26    56                       ROL PXL
    30   05CF    26    57                       ROL PXL+1
    31   05D1    26    58                       ROL PXL+2
    32   05D3    A0    03                       LDY I,3
    33   05D5    A2    00                       LDX I,0
    34                                          BEGIN                   ;LOOP FOR EACH BCD BYTE
    35   05D7    B5    31                       LDA X,MTEMP
    36   05D9    75    31                       ADC X,MTEMP
    37   05DB    95    31                       STA X,MTEMP
    38   05DD    E8                             INX
    39   05DE    88                             DEY
    40   05DF    10    F6                       MIEND
    41   05E1    C6    38                       DEC INDEX2
    42   05E3    10    E8                       MIEND
    43   05E5    D8                             CLD
    44   05E6    A9    31                       LDA I,MTEMP
    45   05E8    A0    04                       LDY I,4
    46   05EA    20  0000G                      JSR DIGTYS              ;OUTPUT #
    47   05ED    A9    D0                       LDA I,0D0
    48   05EF    A2    F8                       LDX I,-8
    49   05F1    20  0000G                      JSR VGVTR1              ;POSITION FOR NEXT # DISPLAY
    50   05F4    C6    37                       DEC INDEX1
    51   05F6    10    B4                       MIEND
    52   05F8    60                             RTS
    53   05F9    00G                    CHKSMB::        .BYTE QCHKSB
    54                                          HLL65
    55         0001'                            .END
ALTEST	ATARI MAC65 VM03.09  00:00:44 PAGE 33+
SYMBOL TABLE

ACTIP   03AA   		ALLPOT= 60C8   		ALLPO2= 60D8   		AUDCTL= 60C8   		AUDC1 = 60C1
AUDC2 = 60D1   		AUDF1 = 60C0   		AUDF2 = 60D0   		AUD2CT= 60D8   		BADBOX  052C R
BADEAR  0374 R 		BADNWS  04FD R 		BFACTR  0078   		BINSCA  005A   		BITS2   03E4 R
BLIFIN  0156   		BLUE  = 0006   		BLULET= 0007   		BOFLAS  0124   		BOKLIT= ****  G
BONADR  00E0 R 		BONDRY= ****  G		BONUS   0102   		BOOKKE  0412   		BOOKKS  0406
BOOMFL  010D   		BOOMTI  010E   		BRAMRE  00EB R 		BUFACT  0415   		BUFRDY  0054
CAMPC   010B   		CAMSTA  010C   		CBOOM = 0024   		CBUF1 = 0078   		CDBOOM= 0004
CDBOXP= 0012   		CDGETI= 0006   		CDGOVR= 000C   		CDHITB= 000A   		CDLADR= 0014
CDLOGP= 0014   		CDPLAY= 0000   		CDPLPL= 000E   		CDPRST= 0010   		CDREQR= 0008
CDROP = 0020   		CDSYST= 0002   		CD2GAM= 0016   		CENDGA= 0008   		CENDLI= 0006
CENDWA= 000E   		CGETIN= 0012   		CHACHA  00A7   		CHACOU  0135   		CHAINV  00A8
CHARCO  02F2   		CHARL1  02AD   		CHARL2  02C0   		CHARY   02D3   		CHARYL  02E6
CHEKER= ****  G		CHISCH= 0010   		CHKSMB  05F9 RG		CHKSMS= 007D   		CINIRA= 001C
CLOGO = 001A   		CNEWAV= 000C   		CNEWGA= 0000   		CNEWLI= 0002   		CNEWV2= 0018
CNOTFO= 0014   		CNWLF2= 001E   		COCKTA= 0010   		COCMSG= ****  G		COCTAL  0117
COLOR   009E   		COLPOR= 0800   		COLRAM  0019   		CPAUSE= 000A   		CPLAY = 0004
CREQRA= 0016   		CRMECH  00D8 R 		CSYSTM= 0022   		CURCOL= 0001   		CURMOD  0106
CURNTX  006A   		CURNTY  006C   		CURSL1  0200   		CURSL2  0201   		CURSPO  0051
CURSVH  0105   		CURSVL  0104   		CURSY   0202   		CURSYL  0107   		CURWAV  009F
DBOOKE  0555 R 		DBSW    004C   		DEPCOL= 0006   		DIGITS= ****  G		DIGTYS= ****  G
DISPLA= ****  G		DOPSWI  03C8 R 		DSPCRD= ****  G		DSPSYS  0023 RG		EABAD = ****  G
EACTL = 6040   		EADAL = 6000   		EAFLG = ****  G		EAIN  = 6050   		EARCND= 007C
EAREQU= ****  G		EASING= ****  G		EAUPD = ****  G		EAZBOO= ****  G		EAZERO= ****  G
EAZFLG= ****  G		EAZHIS= ****  G		ELICNT  0123   		EMCTRS= 0003   		ENSIZE  0151
ESHCOU  00A6   		EXICAM  010A   		EXL     005E   		EXPCOL= 0000   		EXPCOU  0116
EXPLOL  02FA   		EXPLOS  0312   		EXPLOT  0302   		EXPLOY  030A   		EYEFAC  0065
EYH     005B   		EYL     005F   		EYLDES  005D   		EYLL    005C   		EZL     0060
FARY    014E   		FBLUE = 000B   		FGREEN= 0007   		FLASH = 000F   		FLGNHI  0603
FLICOL= 0003   		FLIPCO  0142   		FRED  = 000C   		FRTIMR  0053   		FUSECO  0146
GAMOP1  071E   		GAMOP3  071F   		GENOPD  03E8 R 		GETOP3  03FE RG		GINICO= ****  G
GREEN = 0005   		HARDWA= 6000   		HATCH = ****  G		HIBAD   00E8 R 		HIRATE  0127
HIRBAD  014D R 		HIRBD2  014F R 		HIWAVE  0126   		HRANKH= 0620   		HRANKL  061E
HRANKM= 061F   		HRED  = 000D   		HSCORH= 0708   		HSCORL= 0706   		HSCORM= 0707
HYSTER= ****  G		ICHCOL= 0000   		ILINDD= 00F0   		ILINLI= 0010   		INCCOU  0109
INCTMP  0525 R 		INDEX1  0037   		INDEX2  0038   		INDEX3  0039   		INDEX4  003A
INDYHI  003C   		INDYLO  003B   		INIINI= ****  G		INILIT= ****  G		ININDX  0604
INITAL  0606   		INMCOU  0108   		INOP0 = 0D00   		INOP1 = 0E00   		INPUT   004A
INTACK= 5000   		INTENS  0098   		INTEST= ****  G		INTIME  0128   		INVABI= 0007
INVACT  02A6   		INVAC1  0283   		INVAC2  028A   		INVAL1  02B9   		INVAL2  02CC
INVAY   02DF   		INVAYL  029F   		INVCAM  0291   		INVCAR= 0003   		INVCOL= 0003
INVDIR= 0080   		INVFIR= 0040   		INVLOO  0298   		INVMOT= 0080   		INVROT= 0040
INVSEQ= 0018   		IN1   = 0C00   		JMPHIB  01D2 R 		LEDOFF= 0003   		LEFSID  007B
LETCOL= 0005   		LEVELY  010F   		LIFEY = ****  G		LIFE1 = ****  G		LIFSXH  035A
LIFSXL  036A   		LIFSZH  037A   		LIFSZL  038A   		LINANG  03EE   		LINEX   03CE
LINEXM  0435   		LINEY   03AC   		LINEZ   03DE   		LINEZM  0445   		LINSCA  0059
LINSTA  039A   		LINSXH  031A   		LINSXL  032A   		LINSZH  033A   		LINSZL  034A
LITRAL  00AC   		LIVES1  0048   		LIVES2  0049   		LSCORH  0042   		LSCORL  0040
LSCORM  0041   		LVSGAM  0158   		MAH   = 6081   		MAINLN= ****  G		MAL   = 6080
MATRAC= 0080   		MBCOND= 0078   		MBH   = 6083   		MBL   = 6082   		MBSTAR= 6080
MBTEST  0502 R 		MCOINC= 0002   		MCOINL= 0004   		MCOINR= 0001   		MDITES= 0020
MDYPL = 6098   		MECHS = 0003   		MEH   = 6085   		MEL   = 6084   		MFAKE = 0080
MFH   = 6087   		MFIRE = 0010   		MFL   = 6086   		MFLIP = 0004   		MGTMOD= 0040
MHALT = 0040   		MLCCNT= 0004   		MLED1 = 0002   		MLED2 = 0001   		MMCCNT= 0002
MNL   = 608C   		MOPTI4= 0020   		MOPT13= 0007   		MRCCNT= 0001   		MSTAT = 6040
MSTRT1= 0020   		MSTRT2= 0040   		MSUZA = 0008   		MSZXD = 6094   		MTEMP   0031
MTEST = 0010   		MVINVX= 0008   		MVINVY= 0010   		MXH   = 6089   		MXL   = 6088
MXPH  = 6096   		MXPL  = 6095   		MYHIGH= 6070   		MYLOW = 6060   		MZHH  = 6090
ALTEST	ATARI MAC65 VM03.09  00:00:44 PAGE 33+
SYMBOL TABLE

MZHL  = 608F   		MZLH  = 608E   		MZLL  = 608D   		M3KHTI= 0080   		NCHARG= 000C
NEARY   014D   		NEOFLI  014F   		NEWAIT  00A3   		NEWPLA  003F   		NEXPLO= 0008
NGAMES  0100   		NGAME0  040E   		NGAMIH  040D   		NGAMIL  040C   		NGAM2H  0410
NGAM2L  040F   		NGAM20  0411   		NGAVGH  0413   		NGAVGL  0412   		NGAVGZ  0414
NHISCO= 0008   		NICHAR= 0004   		NINVAD= 0007   		NLINES= 0010   		NNYMPH= 0040
NOOPR   033B R 		NOSOUN  0475 R 		NPARTI= 0010   		NPCHAR= 0008   		NPLANE= 0008
NPLAYR  0101   		NRANKS= 0063   		NROMS = 000C   		NUMPLA  003E   		NWNYMC  015B
NWTELI  015A   		NYMCOL= 000C   		NYMCOU  03AB   		NYMPL   0203   		NYMPY   0243
OBJIND  0055   		OCURSL  00A5   		OFRTIM  00A4   		OK1     026C R 		OK2     027B R
OLDLHI  00AB   		OLDLLO  00AA   		OLOFLI  0150   		OM2GAM= 0001   		OPFLIP  013D
OPFUSE  0141   		OPPULS  013E   		OPSPIN  0140   		OPTANK  013F   		OPTIN1  0009
OPTIN2  000A   		OPTIN3  016A   		OPTMSK  00D4 R 		OTB     0052   		OUTANK= 60E0
OUT0  = 4000   		PARLIX  0203   		PARLIY  0223   		PARLIZ  0243   		PARLXA= 0020
PARLXV  02C3   		PARLYA= 0020   		PARLYV  02E3   		PARLZA= 0020   		PARLZV  0303
PARTIX  0263   		PARTIY  0283   		PARTIZ  02A3   		PARTXA= 0000   		PARTXV  0323
PARTYA= 0000   		PARTYV  0343   		PARTZA= 0000   		PARTZV  0363   		PCHCOL= 0001
PCVELO= 0009   		PDIRED= 000B   		PDIWHI= 0009   		PDIYEL= 000A   		PK1CND= 007A
PK2CND= 007B   		PLAGRO  0115   		PLANEY  03FE   		PLAYUP  003D   		POKEY = 60C0
POKEY2= 60D0   		POSDIG  00C7 R 		POTGO = 60CB   		POTGO2= 60DB   		PROG  = 9000
PSCALE  016B   		PSHCTR= 0008   		PUCHDE  00B2   		PULPOT  0157   		PULSCO  0143
PULSON  0148   		PULTIM  0147   		PULVEL= FEA0   		PURPLE= 0002   		PXL     0056
PYL     0057   		PZL     0058   		QCHKSB= ****  G		QDSTAT  0001   		QFRAME  0003
QNXTST  0002   		QSTATE  0000   		QSTATU  0005   		QTMPAU  0004   		QT1     00B5
QT2     016C   		QT3     0455   		QT4     0720   		QT5     011F   		QT6     011B
QUASEC= 0005   		RAMCND= 0079   		RANDOM= 60CA   		RANDO2= 60DA   		RANKS   0600
READMB  0531 R 		RED   = 0003   		REHIIN= ****  G		RESET   015D RG		RITSID  007C
ROMREP  0484 R 		ROMRPI= ****  G		ROMSTA= 3000   		ROMTST  0223 R 		ROTDIS  0114
ROTFLG  0113   		RSCORH  0045   		RSCORL  0043   		RSCORM  0044   		RUNGVG  00B0
SAVEND  03CE   		SAVEP   03BC   		SAVEX   0035   		SAVEY   0036   		SCFL    0079
SCHEKR  0415 R 		SECOND= 0014   		SECOPH  040B   		SECOPL  0409   		SECOPM  040A
SECOUH  0408   		SECOUL  0406   		SECOUM  0407   		SECUVG  00B6   		SECUVY  016E
SFTEST  015D R 		SFTJSE  0329 R 		SFTJSR  031B R 		SHATCH  042F R 		SHYSTE  0439 R
SIGANA  033C R 		SINTEN  0425 R 		SKCTL = 60CF   		SKCTL2= 60DF   		SNDFRQ  046D R
SNDTBL  0464 R 		SPACG = 0000   		SPARE3  0133   		SPBINA  013A   		SPFTIM  013C
SPINCO  0145   		SPLINE  0139   		SPOKST  0425   		SPXIND  013B   		SSTATE  0329 R
SUBCOU  0099   		SUZCNT  03AA   		SUZTIM  0125   		SVGLIS  0076   		SWFINA  004E
SWITES  0389 R 		SWRELE  004F   		SWSTAT  004D   		SWSTRT  004D   		SXH     0062
SXL     0061   		SYM   = 6092   		SYSOPT= ****  G		SYSTEM  0000 RG		SZH     0064
SZL     0063   		S1    = 05AC R 		S2    = 05CD R 		S3    = 05D7 R 		S4    = 02AF R
TABCOL  0313 R 		TANCOL= 0002   		TANKCO  0144   		TBHD    0050   		TBLIND  0602
TCMFLG  00A2   		TEMPL   002A   		TEMPX   002E   		TEMPY   002F   		TEMPZ   0030
TEMP0   0029   		TEMP1   002A   		TEMP2   002B   		TEMP3   002C   		TEMP4   002D
TIMEST  02C2 R 		TIMHIS  0605   		TNKOUT  00A1   		TOOSLO  0554 R 		TOUT0   00B4
TPLIST  05AC R 		TRACOL= 0005   		TSLAMR  000B   		TURQOI= 0004   		TYPCOD  015E
UNITXH  009B   		UNITXL  009A   		UNITZH  009D   		UNITZL  009C   		VECRAM= 2000
VGADD2= ****  G		VGBRIT  0073   		VGCNTR= ****  G		VGHALT= ****  G		VGHEX = ****  G
VGJSRL= ****  G		VGLIST  0074   		VGMSGA= ****  G		VGSCA1= ****  G		VGSIZE  0072
VGSTAR= 4800   		VGSTAT= ****  G		VGSTA1= ****  G		VGSTOP= 5800   		VGVTR1= ****  G
VGY     00A9   		WAVEN1  0046   		WAVEN2  0047   		WCHAMX  011A   		WCHARF  0119
WCHARI  0118   		WCHARL  0120   		WDGTST  0310 R 		WELCOL= 0006   		WELLID  0112
WELTYP  0111   		WFLICA  015D   		WFLMAX  012E   		WFLMIN  0129   		WFUFRQ  015F
WFUMAX  0132   		WFUMIN  012D   		WFUSCH  0159   		WFUSIH= 0169   		WFUSIL= 0164
WHITE = 0000   		WINVIL  0160   		WINVIN  0165   		WINVJM  011D   		WINVMX  011C
WNYMMX  011E   		WPULCA  015C   		WPULFI  016D   		WPUMAX  012F   		WPUMIN  012A
WSPMAX  0131   		WSPMIN  012C   		WTACAR  0149   		WTAMAX  0130   		WTAMIN  012B
WTCHDG= 5000   		WTFMAX  0136   		WTTFRA  00B3   		XADJL   0066   		XCOMP   006E
X0H     0080   		X0L     0078   		X1H     0081   		X1L     0079   		X2H     0082
ALTEST	ATARI MAC65 VM03.09  00:00:44 PAGE 33+
SYMBOL TABLE

X2L     007A   		X3H     0083   		X3L     007B   		X4H     0084   		X4L     007C
X5H     0085   		X5L     007D   		X6H     0086   		X6L     007E   		X7H     0087
X7L     007F   		YCOMP = 0070   		YDEUNI  00A0   		YELLOW= 0001   		ZABFLI= 0000
ZABFUS= 0004   		ZABPUL= 0001   		ZABTAN= 0002   		ZABTRA= 0003   		ZADEST  0121
ZADJL   0068   		ZAPCOL= 0000   		ZBLACK= 000F   		ZBLUE = 000B   		ZCARFL= 0001
ZCARFU= 0003   		ZCARNO= 0000   		ZCARPU= 0002   		ZDIRDO= 0080   		ZDIRUP= 0000
ZFIRNO= 0000   		ZFIRYE= 0040   		ZGREEN= 0007   		ZMOTJM= 0080   		ZMOTMO= 0000
ZPNLOC  00AE   		ZPOFFS  00AF   		ZPURPL= 0008   		ZRED  = 000C   		ZROCCW= 0040
ZROTCW= 0000   		ZTURQO= 0003   		ZWHITE= 0000   		ZYELLO= 0004   		Z0H     0090
Z0L     0088   		Z1H     0091   		Z1L     0089   		Z2H     0092   		Z2L     008A
Z3H     0093   		Z3L     008B   		Z4H     0094   		Z4L     008C   		Z5H     0095
Z5L     008D   		Z6H     0096   		Z6L     008E   		Z7H     0097   		Z7L     008F
$BC     0018   		$BCCNT  0016   		$CCTIM  0013   		$CMODE  0009   		$CNCT   0017
$CNSTT  000D   		$COINA  0008   		$INTCT  0007   		$LAM    0008   		$LMBIT= 0008
$LMTIM  000C   		$PSTSL  0010   		$TEST   0008   		$$CRDT  0006   		.Z.   = 0002
...RD = 0010   		...T  = 057D R 		...X  = 0000
. ABS.	0721	  00
      	05FA	  01
ERRORS DETECTED: 0
FREE CORE: 12058. WORDS

OBJ:ALTEST,OBJ:ALTEST.LST=ALTEST

(OBJ:ALTEST.OBJ,OBJ:ALTEST.LST=DK1:ALTEST)

A TOTAL OF 4,102 STATEMENTS WERE PROCESSED.

CPU TIME -  00:00:00.1     I/O TIME -  00:00:00.0

                                                                                                                                 